Archive member included to satisfy reference by file (symbol)

C:/ST/STM32CubeIDE_1.15.0/STM32CubeIDE/plugins/com.st.stm32cube.ide.mcu.externaltools.gnu-tools-for-stm32.12.3.rel1.win32_1.0.100.202403111256/tools/bin/../lib/gcc/arm-none-eabi/12.3.1/../../../../arm-none-eabi/lib/thumb/v7e-m+fp/hard\libc_nano.a(libc_a-exit.o)
                              C:/ST/STM32CubeIDE_1.15.0/STM32CubeIDE/plugins/com.st.stm32cube.ide.mcu.externaltools.gnu-tools-for-stm32.12.3.rel1.win32_1.0.100.202403111256/tools/bin/../lib/gcc/arm-none-eabi/12.3.1/../../../../arm-none-eabi/lib/thumb/v7e-m+fp/hard/crt0.o (exit)
C:/ST/STM32CubeIDE_1.15.0/STM32CubeIDE/plugins/com.st.stm32cube.ide.mcu.externaltools.gnu-tools-for-stm32.12.3.rel1.win32_1.0.100.202403111256/tools/bin/../lib/gcc/arm-none-eabi/12.3.1/../../../../arm-none-eabi/lib/thumb/v7e-m+fp/hard\libc_nano.a(libc_a-malloc.o)
                              ./Core/Src/cutter.o (malloc)
C:/ST/STM32CubeIDE_1.15.0/STM32CubeIDE/plugins/com.st.stm32cube.ide.mcu.externaltools.gnu-tools-for-stm32.12.3.rel1.win32_1.0.100.202403111256/tools/bin/../lib/gcc/arm-none-eabi/12.3.1/../../../../arm-none-eabi/lib/thumb/v7e-m+fp/hard\libc_nano.a(libc_a-mallocr.o)
                              C:/ST/STM32CubeIDE_1.15.0/STM32CubeIDE/plugins/com.st.stm32cube.ide.mcu.externaltools.gnu-tools-for-stm32.12.3.rel1.win32_1.0.100.202403111256/tools/bin/../lib/gcc/arm-none-eabi/12.3.1/../../../../arm-none-eabi/lib/thumb/v7e-m+fp/hard\libc_nano.a(libc_a-malloc.o) (_malloc_r)
C:/ST/STM32CubeIDE_1.15.0/STM32CubeIDE/plugins/com.st.stm32cube.ide.mcu.externaltools.gnu-tools-for-stm32.12.3.rel1.win32_1.0.100.202403111256/tools/bin/../lib/gcc/arm-none-eabi/12.3.1/../../../../arm-none-eabi/lib/thumb/v7e-m+fp/hard\libc_nano.a(libc_a-mlock.o)
                              C:/ST/STM32CubeIDE_1.15.0/STM32CubeIDE/plugins/com.st.stm32cube.ide.mcu.externaltools.gnu-tools-for-stm32.12.3.rel1.win32_1.0.100.202403111256/tools/bin/../lib/gcc/arm-none-eabi/12.3.1/../../../../arm-none-eabi/lib/thumb/v7e-m+fp/hard\libc_nano.a(libc_a-mallocr.o) (__malloc_lock)
C:/ST/STM32CubeIDE_1.15.0/STM32CubeIDE/plugins/com.st.stm32cube.ide.mcu.externaltools.gnu-tools-for-stm32.12.3.rel1.win32_1.0.100.202403111256/tools/bin/../lib/gcc/arm-none-eabi/12.3.1/../../../../arm-none-eabi/lib/thumb/v7e-m+fp/hard\libc_nano.a(libc_a-findfp.o)
                              C:/ST/STM32CubeIDE_1.15.0/STM32CubeIDE/plugins/com.st.stm32cube.ide.mcu.externaltools.gnu-tools-for-stm32.12.3.rel1.win32_1.0.100.202403111256/tools/bin/../lib/gcc/arm-none-eabi/12.3.1/../../../../arm-none-eabi/lib/thumb/v7e-m+fp/hard\libc_nano.a(libc_a-exit.o) (__stdio_exit_handler)
C:/ST/STM32CubeIDE_1.15.0/STM32CubeIDE/plugins/com.st.stm32cube.ide.mcu.externaltools.gnu-tools-for-stm32.12.3.rel1.win32_1.0.100.202403111256/tools/bin/../lib/gcc/arm-none-eabi/12.3.1/../../../../arm-none-eabi/lib/thumb/v7e-m+fp/hard\libc_nano.a(libc_a-fwalk.o)
                              C:/ST/STM32CubeIDE_1.15.0/STM32CubeIDE/plugins/com.st.stm32cube.ide.mcu.externaltools.gnu-tools-for-stm32.12.3.rel1.win32_1.0.100.202403111256/tools/bin/../lib/gcc/arm-none-eabi/12.3.1/../../../../arm-none-eabi/lib/thumb/v7e-m+fp/hard\libc_nano.a(libc_a-findfp.o) (_fwalk_sglue)
C:/ST/STM32CubeIDE_1.15.0/STM32CubeIDE/plugins/com.st.stm32cube.ide.mcu.externaltools.gnu-tools-for-stm32.12.3.rel1.win32_1.0.100.202403111256/tools/bin/../lib/gcc/arm-none-eabi/12.3.1/../../../../arm-none-eabi/lib/thumb/v7e-m+fp/hard\libc_nano.a(libc_a-stdio.o)
                              C:/ST/STM32CubeIDE_1.15.0/STM32CubeIDE/plugins/com.st.stm32cube.ide.mcu.externaltools.gnu-tools-for-stm32.12.3.rel1.win32_1.0.100.202403111256/tools/bin/../lib/gcc/arm-none-eabi/12.3.1/../../../../arm-none-eabi/lib/thumb/v7e-m+fp/hard\libc_nano.a(libc_a-findfp.o) (__sread)
C:/ST/STM32CubeIDE_1.15.0/STM32CubeIDE/plugins/com.st.stm32cube.ide.mcu.externaltools.gnu-tools-for-stm32.12.3.rel1.win32_1.0.100.202403111256/tools/bin/../lib/gcc/arm-none-eabi/12.3.1/../../../../arm-none-eabi/lib/thumb/v7e-m+fp/hard\libc_nano.a(libc_a-memset.o)
                              C:/ST/STM32CubeIDE_1.15.0/STM32CubeIDE/plugins/com.st.stm32cube.ide.mcu.externaltools.gnu-tools-for-stm32.12.3.rel1.win32_1.0.100.202403111256/tools/bin/../lib/gcc/arm-none-eabi/12.3.1/../../../../arm-none-eabi/lib/thumb/v7e-m+fp/hard/crt0.o (memset)
C:/ST/STM32CubeIDE_1.15.0/STM32CubeIDE/plugins/com.st.stm32cube.ide.mcu.externaltools.gnu-tools-for-stm32.12.3.rel1.win32_1.0.100.202403111256/tools/bin/../lib/gcc/arm-none-eabi/12.3.1/../../../../arm-none-eabi/lib/thumb/v7e-m+fp/hard\libc_nano.a(libc_a-closer.o)
                              C:/ST/STM32CubeIDE_1.15.0/STM32CubeIDE/plugins/com.st.stm32cube.ide.mcu.externaltools.gnu-tools-for-stm32.12.3.rel1.win32_1.0.100.202403111256/tools/bin/../lib/gcc/arm-none-eabi/12.3.1/../../../../arm-none-eabi/lib/thumb/v7e-m+fp/hard\libc_nano.a(libc_a-stdio.o) (_close_r)
[...]
Memory Configuration

Name             Origin             Length             Attributes
CCMRAM           0x10000000         0x00010000         xrw
RAM              0x20000000         0x00020000         xrw
FLASH            0x08000000         0x00100000         xr
*default*        0x00000000         0xffffffff

Linker script and memory map

LOAD C:/ST/STM32CubeIDE_1.15.0/STM32CubeIDE/plugins/com.st.stm32cube.ide.mcu.externaltools.gnu-tools-for-stm32.12.3.rel1.win32_1.0.100.202403111256/tools/bin/../lib/gcc/arm-none-eabi/12.3.1/thumb/v7e-m+fp/hard/crti.o
LOAD C:/ST/STM32CubeIDE_1.15.0/STM32CubeIDE/plugins/com.st.stm32cube.ide.mcu.externaltools.gnu-tools-for-stm32.12.3.rel1.win32_1.0.100.202403111256/tools/bin/../lib/gcc/arm-none-eabi/12.3.1/thumb/v7e-m+fp/hard/crtbegin.o
LOAD C:/ST/STM32CubeIDE_1.15.0/STM32CubeIDE/plugins/com.st.stm32cube.ide.mcu.externaltools.gnu-tools-for-stm32.12.3.rel1.win32_1.0.100.202403111256/tools/bin/../lib/gcc/arm-none-eabi/12.3.1/../../../../arm-none-eabi/lib/thumb/v7e-m+fp/hard/crt0.o
LOAD ./Core/Src/buttons.o
LOAD ./Core/Src/cut_code.o
LOAD ./Core/Src/cutter.o
LOAD ./Core/Src/main.o
LOAD ./Core/Src/stm32f4xx_hal_msp.o
LOAD ./Core/Src/stm32f4xx_it.o
LOAD ./Core/Src/syscalls.o
LOAD ./Core/Src/sysmem.o
LOAD ./Core/Src/system_stm32f4xx.o
LOAD ./Core/Startup/startup_stm32f407vgtx.o
LOAD ./Drivers/STM32F4xx_HAL_Driver/Src/stm32f4xx_hal.o
LOAD ./Drivers/STM32F4xx_HAL_Driver/Src/stm32f4xx_hal_cortex.o
LOAD ./Drivers/STM32F4xx_HAL_Driver/Src/stm32f4xx_hal_dma.o
LOAD ./Drivers/STM32F4xx_HAL_Driver/Src/stm32f4xx_hal_dma_ex.o
LOAD ./Drivers/STM32F4xx_HAL_Driver/Src/stm32f4xx_hal_exti.o
LOAD ./Drivers/STM32F4xx_HAL_Driver/Src/stm32f4xx_hal_flash.o
LOAD ./Drivers/STM32F4xx_HAL_Driver/Src/stm32f4xx_hal_flash_ex.o
LOAD ./Drivers/STM32F4xx_HAL_Driver/Src/stm32f4xx_hal_flash_ramfunc.o
LOAD ./Drivers/STM32F4xx_HAL_Driver/Src/stm32f4xx_hal_gpio.o
LOAD ./Drivers/STM32F4xx_HAL_Driver/Src/stm32f4xx_hal_pwr.o
LOAD ./Drivers/STM32F4xx_HAL_Driver/Src/stm32f4xx_hal_pwr_ex.o
LOAD ./Drivers/STM32F4xx_HAL_Driver/Src/stm32f4xx_hal_rcc.o
LOAD ./Drivers/STM32F4xx_HAL_Driver/Src/stm32f4xx_hal_rcc_ex.o
LOAD ./Drivers/STM32F4xx_HAL_Driver/Src/stm32f4xx_hal_tim.o
LOAD ./Drivers/STM32F4xx_HAL_Driver/Src/stm32f4xx_hal_tim_ex.o
START GROUP
LOAD C:/ST/STM32CubeIDE_1.15.0/STM32CubeIDE/plugins/com.st.stm32cube.ide.mcu.externaltools.gnu-tools-for-stm32.12.3.rel1.win32_1.0.100.202403111256/tools/bin/../lib/gcc/arm-none-eabi/12.3.1/../../../../arm-none-eabi/lib/thumb/v7e-m+fp/hard\libc_nano.a
LOAD C:/ST/STM32CubeIDE_1.15.0/STM32CubeIDE/plugins/com.st.stm32cube.ide.mcu.externaltools.gnu-tools-for-stm32.12.3.rel1.win32_1.0.100.202403111256/tools/bin/../lib/gcc/arm-none-eabi/12.3.1/../../../../arm-none-eabi/lib/thumb/v7e-m+fp/hard\libm.a
END GROUP
START GROUP
LOAD C:/ST/STM32CubeIDE_1.15.0/STM32CubeIDE/plugins/com.st.stm32cube.ide.mcu.externaltools.gnu-tools-for-stm32.12.3.rel1.win32_1.0.100.202403111256/tools/bin/../lib/gcc/arm-none-eabi/12.3.1/thumb/v7e-m+fp/hard\libgcc.a
LOAD C:/ST/STM32CubeIDE_1.15.0/STM32CubeIDE/plugins/com.st.stm32cube.ide.mcu.externaltools.gnu-tools-for-stm32.12.3.rel1.win32_1.0.100.202403111256/tools/bin/../lib/gcc/arm-none-eabi/12.3.1/../../../../arm-none-eabi/lib/thumb/v7e-m+fp/hard\libc_nano.a
END GROUP
START GROUP
LOAD C:/ST/STM32CubeIDE_1.15.0/STM32CubeIDE/plugins/com.st.stm32cube.ide.mcu.externaltools.gnu-tools-for-stm32.12.3.rel1.win32_1.0.100.202403111256/tools/bin/../lib/gcc/arm-none-eabi/12.3.1/thumb/v7e-m+fp/hard\libgcc.a
LOAD C:/ST/STM32CubeIDE_1.15.0/STM32CubeIDE/plugins/com.st.stm32cube.ide.mcu.externaltools.gnu-tools-for-stm32.12.3.rel1.win32_1.0.100.202403111256/tools/bin/../lib/gcc/arm-none-eabi/12.3.1/../../../../arm-none-eabi/lib/thumb/v7e-m+fp/hard\libc_nano.a
LOAD C:/ST/STM32CubeIDE_1.15.0/STM32CubeIDE/plugins/com.st.stm32cube.ide.mcu.externaltools.gnu-tools-for-stm32.12.3.rel1.win32_1.0.100.202403111256/tools/bin/../lib/gcc/arm-none-eabi/12.3.1/../../../../arm-none-eabi/lib/thumb/v7e-m+fp/hard\libnosys.a
END GROUP
START GROUP
LOAD C:/ST/STM32CubeIDE_1.15.0/STM32CubeIDE/plugins/com.st.stm32cube.ide.mcu.externaltools.gnu-tools-for-stm32.12.3.rel1.win32_1.0.100.202403111256/tools/bin/../lib/gcc/arm-none-eabi/12.3.1/thumb/v7e-m+fp/hard\libgcc.a
LOAD C:/ST/STM32CubeIDE_1.15.0/STM32CubeIDE/plugins/com.st.stm32cube.ide.mcu.externaltools.gnu-tools-for-stm32.12.3.rel1.win32_1.0.100.202403111256/tools/bin/../lib/gcc/arm-none-eabi/12.3.1/../../../../arm-none-eabi/lib/thumb/v7e-m+fp/hard\libc_nano.a
LOAD C:/ST/STM32CubeIDE_1.15.0/STM32CubeIDE/plugins/com.st.stm32cube.ide.mcu.externaltools.gnu-tools-for-stm32.12.3.rel1.win32_1.0.100.202403111256/tools/bin/../lib/gcc/arm-none-eabi/12.3.1/../../../../arm-none-eabi/lib/thumb/v7e-m+fp/hard\libnosys.a
END GROUP
LOAD C:/ST/STM32CubeIDE_1.15.0/STM32CubeIDE/plugins/com.st.stm32cube.ide.mcu.externaltools.gnu-tools-for-stm32.12.3.rel1.win32_1.0.100.202403111256/tools/bin/../lib/gcc/arm-none-eabi/12.3.1/thumb/v7e-m+fp/hard/crtend.o
LOAD C:/ST/STM32CubeIDE_1.15.0/STM32CubeIDE/plugins/com.st.stm32cube.ide.mcu.externaltools.gnu-tools-for-stm32.12.3.rel1.win32_1.0.100.202403111256/tools/bin/../lib/gcc/arm-none-eabi/12.3.1/thumb/v7e-m+fp/hard/crtn.o
                0x20020000                        _estack = (ORIGIN (RAM) + LENGTH (RAM))
                0x00000200                        _Min_Heap_Size = 0x200
                0x00000400                        _Min_Stack_Size = 0x400

.isr_vector     0x08000000      0x188
                0x08000000                        . = ALIGN (0x4)
 *(.isr_vector)
 .isr_vector    0x08000000      0x188 ./Core/Startup/startup_stm32f407vgtx.o
                0x08000000                g_pfnVectors
                0x08000188                        . = ALIGN (0x4)

.text           0x08000188     0x3fd8
                0x08000188                        . = ALIGN (0x4)
 *(.text)
 .text          0x08000188       0x40 C:/ST/STM32CubeIDE_1.15.0/STM32CubeIDE/plugins/com.st.stm32cube.ide.mcu.externaltools.gnu-tools-for-stm32.12.3.rel1.win32_1.0.100.202403111256/tools/bin/../lib/gcc/arm-none-eabi/12.3.1/thumb/v7e-m+fp/hard/crtbegin.o
 .text          0x080001c8      0x378 C:/ST/STM32CubeIDE_1.15.0/STM32CubeIDE/plugins/com.st.stm32cube.ide.mcu.externaltools.gnu-tools-for-stm32.12.3.rel1.win32_1.0.100.202403111256/tools/bin/../lib/gcc/arm-none-eabi/12.3.1/thumb/v7e-m+fp/hard\libgcc.a(_arm_addsubdf3.o)
                0x080001c8                __aeabi_drsub
                0x080001d0                __aeabi_dsub
                0x080001d0                __subdf3
                0x080001d4                __aeabi_dadd
                0x080001d4                __adddf3
                0x0800044c                __floatunsidf
                0x0800044c                __aeabi_ui2d
                0x0800046c                __floatsidf
                0x0800046c                __aeabi_i2d
                0x08000490                __aeabi_f2d
                0x08000490                __extendsfdf2
                0x080004d4                __floatundidf
                0x080004d4                __aeabi_ul2d
                0x080004e4                __floatdidf
                0x080004e4                __aeabi_l2d
 .text          0x08000540      0x424 C:/ST/STM32CubeIDE_1.15.0/STM32CubeIDE/plugins/com.st.stm32cube.ide.mcu.externaltools.gnu-tools-for-stm32.12.3.rel1.win32_1.0.100.202403111256/tools/bin/../lib/gcc/arm-none-eabi/12.3.1/thumb/v7e-m+fp/hard\libgcc.a(_arm_muldivdf3.o)
                0x08000540                __aeabi_dmul
                0x08000540                __muldf3
                0x08000794                __divdf3
                0x08000794                __aeabi_ddiv
 .text          0x08000964       0x50 C:/ST/STM32CubeIDE_1.15.0/STM32CubeIDE/plugins/com.st.stm32cube.ide.mcu.externaltools.gnu-tools-for-stm32.12.3.rel1.win32_1.0.100.202403111256/tools/bin/../lib/gcc/arm-none-eabi/12.3.1/thumb/v7e-m+fp/hard\libgcc.a(_arm_fixdfsi.o)
                0x08000964                __aeabi_d2iz
                0x08000964                __fixdfsi
 .text          0x080009b4       0x40 C:/ST/STM32CubeIDE_1.15.0/STM32CubeIDE/plugins/com.st.stm32cube.ide.mcu.externaltools.gnu-tools-for-stm32.12.3.rel1.win32_1.0.100.202403111256/tools/bin/../lib/gcc/arm-none-eabi/12.3.1/thumb/v7e-m+fp/hard\libgcc.a(_arm_fixunsdfsi.o)
                0x080009b4                __aeabi_d2uiz
                0x080009b4                __fixunsdfsi
 .text          0x080009f4       0x30 C:/ST/STM32CubeIDE_1.15.0/STM32CubeIDE/plugins/com.st.stm32cube.ide.mcu.externaltools.gnu-tools-for-stm32.12.3.rel1.win32_1.0.100.202403111256/tools/bin/../lib/gcc/arm-none-eabi/12.3.1/thumb/v7e-m+fp/hard\libgcc.a(_aeabi_uldivmod.o)
                0x080009f4                __aeabi_uldivmod
 .text          0x08000a24      0x2bc C:/ST/STM32CubeIDE_1.15.0/STM32CubeIDE/plugins/com.st.stm32cube.ide.mcu.externaltools.gnu-tools-for-stm32.12.3.rel1.win32_1.0.100.202403111256/tools/bin/../lib/gcc/arm-none-eabi/12.3.1/thumb/v7e-m+fp/hard\libgcc.a(_udivmoddi4.o)
                0x08000a24                __udivmoddi4
 .text          0x08000ce0        0x4 C:/ST/STM32CubeIDE_1.15.0/STM32CubeIDE/plugins/com.st.stm32cube.ide.mcu.externaltools.gnu-tools-for-stm32.12.3.rel1.win32_1.0.100.202403111256/tools/bin/../lib/gcc/arm-none-eabi/12.3.1/thumb/v7e-m+fp/hard\libgcc.a(_dvmd_tls.o)
                0x08000ce0                __aeabi_idiv0
                0x08000ce0                __aeabi_ldiv0
 *(.text*)
 .text.Debounce_Buttons
                0x08000ce4       0x7c ./Core/Src/buttons.o
                0x08000ce4                Debounce_Buttons
 .text.Button_Debounced
                0x08000d60       0xf0 ./Core/Src/buttons.o
                0x08000d60                Button_Debounced
 .text.HAL_GPIO_EXTI_Callback
                0x08000e50       0x24 ./Core/Src/buttons.o
                0x08000e50                HAL_GPIO_EXTI_Callback
 .text.PCNC_Final_State
                0x08000e74       0x34 ./Core/Src/cutter.o
                0x08000e74                PCNC_Final_State
 .text.PCNC_Enable_Servo
                0x08000ea8       0x24 ./Core/Src/cutter.o
                0x08000ea8                PCNC_Enable_Servo
 *fill*         0x08000ecc        0x4 
 .text.PCNC_Go_To_Origin
                0x08000ed0       0x38 ./Core/Src/cutter.o
                0x08000ed0                PCNC_Go_To_Origin
 .text.PCNC_Startup
                0x08000f08       0x3e ./Core/Src/cutter.o
                0x08000f08                PCNC_Startup
 *fill*         0x08000f46        0x2 
 .text.PCNC_Begin_Cut
                0x08000f48       0x28 ./Core/Src/cutter.o
                0x08000f48                PCNC_Begin_Cut
 .text.PCNC_Execute_Next_Instruction
                0x08000f70       0x92 ./Core/Src/cutter.o
                0x08000f70                PCNC_Execute_Next_Instruction
 .text.PCNC_Servo_Unlock
                0x08001002       0x2c ./Core/Src/cutter.o
                0x08001002                PCNC_Servo_Unlock
 .text.PCNC_Rotate_To_X
                0x0800102e       0xfc ./Core/Src/cutter.o
                0x0800102e                PCNC_Rotate_To_X
 .text.PCNC_Stepper_ISR
                0x0800112a      0x152 ./Core/Src/cutter.o
                0x0800112a                PCNC_Stepper_ISR
 .text.PCNC_Manual_Move_Y
                0x0800127c       0x30 ./Core/Src/cutter.o
                0x0800127c                PCNC_Manual_Move_Y
 .text.PCNC_Translate_To_Y
                0x080012ac       0x50 ./Core/Src/cutter.o
                0x080012ac                PCNC_Translate_To_Y
 .text.PCNC_Get_Setup
                0x080012fc      0x198 ./Core/Src/cutter.o
                0x080012fc                PCNC_Get_Setup
 .text.main     0x08001494       0x68 ./Core/Src/main.o
                0x08001494                main
 .text.SystemClock_Config
                0x080014fc       0xd4 ./Core/Src/main.o
                0x080014fc                SystemClock_Config
 .text.MX_TIM2_Init
                0x080015d0      0x100 ./Core/Src/main.o
 .text.MX_TIM3_Init
                0x080016d0       0x9c ./Core/Src/main.o
 .text.MX_TIM4_Init
                0x0800176c       0x9c ./Core/Src/main.o
 .text.MX_TIM5_Init
                0x08001808       0x9c ./Core/Src/main.o
 .text.MX_TIM7_Init
                0x080018a4       0x6c ./Core/Src/main.o
 .text.MX_GPIO_Init
                0x08001910      0x19c ./Core/Src/main.o
 .text.HAL_TIM_PeriodElapsedCallback
                0x08001aac       0x70 ./Core/Src/main.o
                0x08001aac                HAL_TIM_PeriodElapsedCallback
 .text.Error_Handler
                0x08001b1c        0xc ./Core/Src/main.o
                0x08001b1c                Error_Handler
 .text.HAL_MspInit
                0x08001b28       0x50 ./Core/Src/stm32f4xx_hal_msp.o
                0x08001b28                HAL_MspInit
 .text.HAL_TIM_Base_MspInit
                0x08001b78      0x12c ./Core/Src/stm32f4xx_hal_msp.o
                0x08001b78                HAL_TIM_Base_MspInit
 .text.HAL_TIM_MspPostInit
                0x08001ca4       0x70 ./Core/Src/stm32f4xx_hal_msp.o
                0x08001ca4                HAL_TIM_MspPostInit
 .text.NMI_Handler
                0x08001d14        0x8 ./Core/Src/stm32f4xx_it.o
                0x08001d14                NMI_Handler
 .text.HardFault_Handler
                0x08001d1c        0x8 ./Core/Src/stm32f4xx_it.o
                0x08001d1c                HardFault_Handler
 .text.MemManage_Handler
                0x08001d24        0x8 ./Core/Src/stm32f4xx_it.o
                0x08001d24                MemManage_Handler
 .text.BusFault_Handler
                0x08001d2c        0x8 ./Core/Src/stm32f4xx_it.o
                0x08001d2c                BusFault_Handler
 .text.UsageFault_Handler
                0x08001d34        0x8 ./Core/Src/stm32f4xx_it.o
                0x08001d34                UsageFault_Handler
 .text.SVC_Handler
                0x08001d3c        0xe ./Core/Src/stm32f4xx_it.o
                0x08001d3c                SVC_Handler
 .text.DebugMon_Handler
                0x08001d4a        0xe ./Core/Src/stm32f4xx_it.o
                0x08001d4a                DebugMon_Handler
 .text.PendSV_Handler
                0x08001d58        0xe ./Core/Src/stm32f4xx_it.o
                0x08001d58                PendSV_Handler
 .text.SysTick_Handler
                0x08001d66        0xc ./Core/Src/stm32f4xx_it.o
                0x08001d66                SysTick_Handler
 .text.EXTI0_IRQHandler
                0x08001d72        0xe ./Core/Src/stm32f4xx_it.o
                0x08001d72                EXTI0_IRQHandler
 .text.EXTI9_5_IRQHandler
                0x08001d80       0x14 ./Core/Src/stm32f4xx_it.o
                0x08001d80                EXTI9_5_IRQHandler
 .text.TIM3_IRQHandler
                0x08001d94       0x14 ./Core/Src/stm32f4xx_it.o
                0x08001d94                TIM3_IRQHandler
 .text.TIM4_IRQHandler
                0x08001da8       0x14 ./Core/Src/stm32f4xx_it.o
                0x08001da8                TIM4_IRQHandler
 .text.TIM5_IRQHandler
                0x08001dbc       0x14 ./Core/Src/stm32f4xx_it.o
                0x08001dbc                TIM5_IRQHandler
 .text.TIM7_IRQHandler
                0x08001dd0       0x14 ./Core/Src/stm32f4xx_it.o
                0x08001dd0                TIM7_IRQHandler
 .text._sbrk    0x08001de4       0x6c ./Core/Src/sysmem.o
                0x08001de4                _sbrk
 .text.SystemInit
                0x08001e50       0x24 ./Core/Src/system_stm32f4xx.o
                0x08001e50                SystemInit
 .text.Reset_Handler
                0x08001e74       0x50 ./Core/Startup/startup_stm32f407vgtx.o
                0x08001e74                Reset_Handler
 .text.Default_Handler
                0x08001ec4        0x2 ./Core/Startup/startup_stm32f407vgtx.o
                0x08001ec4                RTC_Alarm_IRQHandler
                0x08001ec4                HASH_RNG_IRQHandler
                0x08001ec4                EXTI2_IRQHandler
                0x08001ec4                TIM8_CC_IRQHandler
                0x08001ec4                TIM1_CC_IRQHandler
                0x08001ec4                DMA2_Stream5_IRQHandler
                0x08001ec4                DMA1_Stream5_IRQHandler
                0x08001ec4                PVD_IRQHandler
                0x08001ec4                SDIO_IRQHandler
                0x08001ec4                TAMP_STAMP_IRQHandler
                0x08001ec4                CAN2_RX1_IRQHandler
                0x08001ec4                EXTI3_IRQHandler
                0x08001ec4                TIM8_TRG_COM_TIM14_IRQHandler
                0x08001ec4                TIM1_UP_TIM10_IRQHandler
                0x08001ec4                TIM8_UP_TIM13_IRQHandler
                0x08001ec4                I2C3_ER_IRQHandler
                0x08001ec4                I2C2_EV_IRQHandler
                0x08001ec4                DMA1_Stream2_IRQHandler
                0x08001ec4                CAN1_RX0_IRQHandler
                0x08001ec4                FPU_IRQHandler
                0x08001ec4                OTG_HS_WKUP_IRQHandler
                0x08001ec4                CAN2_SCE_IRQHandler
                0x08001ec4                DMA2_Stream2_IRQHandler
                0x08001ec4                SPI1_IRQHandler
                0x08001ec4                TIM6_DAC_IRQHandler
                0x08001ec4                TIM1_BRK_TIM9_IRQHandler
                0x08001ec4                DCMI_IRQHandler
                0x08001ec4                CAN2_RX0_IRQHandler
                0x08001ec4                DMA2_Stream3_IRQHandler
                0x08001ec4                USART6_IRQHandler
                0x08001ec4                USART3_IRQHandler
                0x08001ec4                CAN1_RX1_IRQHandler
                0x08001ec4                UART5_IRQHandler
                0x08001ec4                DMA2_Stream0_IRQHandler
                0x08001ec4                I2C1_EV_IRQHandler
                0x08001ec4                DMA1_Stream6_IRQHandler
                0x08001ec4                DMA1_Stream1_IRQHandler
                0x08001ec4                UART4_IRQHandler
                0x08001ec4                RCC_IRQHandler
                0x08001ec4                TIM8_BRK_TIM12_IRQHandler
                0x08001ec4                Default_Handler
                0x08001ec4                EXTI15_10_IRQHandler
                0x08001ec4                ADC_IRQHandler
                0x08001ec4                DMA1_Stream7_IRQHandler
                0x08001ec4                CAN2_TX_IRQHandler
                0x08001ec4                DMA2_Stream7_IRQHandler
                0x08001ec4                I2C3_EV_IRQHandler
                0x08001ec4                RTC_WKUP_IRQHandler
                0x08001ec4                ETH_WKUP_IRQHandler
                0x08001ec4                SPI2_IRQHandler
                0x08001ec4                OTG_HS_EP1_IN_IRQHandler
                0x08001ec4                DMA1_Stream0_IRQHandler
                0x08001ec4                CAN1_TX_IRQHandler
                0x08001ec4                EXTI4_IRQHandler
                0x08001ec4                FSMC_IRQHandler
                0x08001ec4                ETH_IRQHandler
                0x08001ec4                OTG_HS_EP1_OUT_IRQHandler
                0x08001ec4                WWDG_IRQHandler
                0x08001ec4                TIM2_IRQHandler
                0x08001ec4                OTG_FS_WKUP_IRQHandler
                0x08001ec4                TIM1_TRG_COM_TIM11_IRQHandler
                0x08001ec4                OTG_HS_IRQHandler
                0x08001ec4                EXTI1_IRQHandler
                0x08001ec4                USART2_IRQHandler
                0x08001ec4                I2C2_ER_IRQHandler
                0x08001ec4                DMA2_Stream1_IRQHandler
                0x08001ec4                CAN1_SCE_IRQHandler
                0x08001ec4                FLASH_IRQHandler
                0x08001ec4                DMA2_Stream4_IRQHandler
                0x08001ec4                USART1_IRQHandler
                0x08001ec4                OTG_FS_IRQHandler
                0x08001ec4                SPI3_IRQHandler
                0x08001ec4                DMA1_Stream4_IRQHandler
                0x08001ec4                I2C1_ER_IRQHandler
                0x08001ec4                DMA2_Stream6_IRQHandler
                0x08001ec4                DMA1_Stream3_IRQHandler
 *fill*         0x08001ec6        0x2 
 .text.HAL_Init
                0x08001ec8       0x44 ./Drivers/STM32F4xx_HAL_Driver/Src/stm32f4xx_hal.o
                0x08001ec8                HAL_Init
 .text.HAL_InitTick
                0x08001f0c       0x60 ./Drivers/STM32F4xx_HAL_Driver/Src/stm32f4xx_hal.o
                0x08001f0c                HAL_InitTick
 .text.HAL_IncTick
                0x08001f6c       0x28 ./Drivers/STM32F4xx_HAL_Driver/Src/stm32f4xx_hal.o
                0x08001f6c                HAL_IncTick
 .text.HAL_GetTick
                0x08001f94       0x18 ./Drivers/STM32F4xx_HAL_Driver/Src/stm32f4xx_hal.o
                0x08001f94                HAL_GetTick
 .text.__NVIC_SetPriorityGrouping
                0x08001fac       0x48 ./Drivers/STM32F4xx_HAL_Driver/Src/stm32f4xx_hal_cortex.o
 .text.__NVIC_GetPriorityGrouping
                0x08001ff4       0x1c ./Drivers/STM32F4xx_HAL_Driver/Src/stm32f4xx_hal_cortex.o
 .text.__NVIC_EnableIRQ
                0x08002010       0x3c ./Drivers/STM32F4xx_HAL_Driver/Src/stm32f4xx_hal_cortex.o
 .text.__NVIC_SetPriority
                0x0800204c       0x54 ./Drivers/STM32F4xx_HAL_Driver/Src/stm32f4xx_hal_cortex.o
 .text.NVIC_EncodePriority
                0x080020a0       0x66 ./Drivers/STM32F4xx_HAL_Driver/Src/stm32f4xx_hal_cortex.o
 *fill*         0x08002106        0x2 
 .text.SysTick_Config
                0x08002108       0x44 ./Drivers/STM32F4xx_HAL_Driver/Src/stm32f4xx_hal_cortex.o
 .text.HAL_NVIC_SetPriorityGrouping
                0x0800214c       0x16 ./Drivers/STM32F4xx_HAL_Driver/Src/stm32f4xx_hal_cortex.o
                0x0800214c                HAL_NVIC_SetPriorityGrouping
 .text.HAL_NVIC_SetPriority
                0x08002162       0x38 ./Drivers/STM32F4xx_HAL_Driver/Src/stm32f4xx_hal_cortex.o
                0x08002162                HAL_NVIC_SetPriority
 .text.HAL_NVIC_EnableIRQ
                0x0800219a       0x1c ./Drivers/STM32F4xx_HAL_Driver/Src/stm32f4xx_hal_cortex.o
                0x0800219a                HAL_NVIC_EnableIRQ
 .text.HAL_SYSTICK_Config
                0x080021b6       0x18 ./Drivers/STM32F4xx_HAL_Driver/Src/stm32f4xx_hal_cortex.o
                0x080021b6                HAL_SYSTICK_Config
 *fill*         0x080021ce        0x2 
 .text.HAL_GPIO_Init
                0x080021d0      0x338 ./Drivers/STM32F4xx_HAL_Driver/Src/stm32f4xx_hal_gpio.o
                0x080021d0                HAL_GPIO_Init
 .text.HAL_GPIO_ReadPin
                0x08002508       0x30 ./Drivers/STM32F4xx_HAL_Driver/Src/stm32f4xx_hal_gpio.o
                0x08002508                HAL_GPIO_ReadPin
 .text.HAL_GPIO_WritePin
                0x08002538       0x32 ./Drivers/STM32F4xx_HAL_Driver/Src/stm32f4xx_hal_gpio.o
                0x08002538                HAL_GPIO_WritePin
 .text.HAL_GPIO_TogglePin
                0x0800256a       0x34 ./Drivers/STM32F4xx_HAL_Driver/Src/stm32f4xx_hal_gpio.o
                0x0800256a                HAL_GPIO_TogglePin
 *fill*         0x0800259e        0x2 
 .text.HAL_GPIO_EXTI_IRQHandler
                0x080025a0       0x30 ./Drivers/STM32F4xx_HAL_Driver/Src/stm32f4xx_hal_gpio.o
                0x080025a0                HAL_GPIO_EXTI_IRQHandler
 .text.HAL_RCC_OscConfig
                0x080025d0      0x4f0 ./Drivers/STM32F4xx_HAL_Driver/Src/stm32f4xx_hal_rcc.o
                0x080025d0                HAL_RCC_OscConfig
 .text.HAL_RCC_ClockConfig
                0x08002ac0      0x1cc ./Drivers/STM32F4xx_HAL_Driver/Src/stm32f4xx_hal_rcc.o
                0x08002ac0                HAL_RCC_ClockConfig
 .text.HAL_RCC_GetSysClockFreq
                0x08002c8c      0x20c ./Drivers/STM32F4xx_HAL_Driver/Src/stm32f4xx_hal_rcc.o
                0x08002c8c                HAL_RCC_GetSysClockFreq
 .text.HAL_TIM_Base_Init
                0x08002e98       0x9e ./Drivers/STM32F4xx_HAL_Driver/Src/stm32f4xx_hal_tim.o
                0x08002e98                HAL_TIM_Base_Init
 *fill*         0x08002f36        0x2 
 .text.HAL_TIM_Base_Start_IT
                0x08002f38       0xe0 ./Drivers/STM32F4xx_HAL_Driver/Src/stm32f4xx_hal_tim.o
                0x08002f38                HAL_TIM_Base_Start_IT
 .text.HAL_TIM_Base_Stop_IT
                0x08003018       0x5e ./Drivers/STM32F4xx_HAL_Driver/Src/stm32f4xx_hal_tim.o
                0x08003018                HAL_TIM_Base_Stop_IT
 .text.HAL_TIM_PWM_Init
                0x08003076       0x9e ./Drivers/STM32F4xx_HAL_Driver/Src/stm32f4xx_hal_tim.o
                0x08003076                HAL_TIM_PWM_Init
 .text.HAL_TIM_PWM_MspInit
                0x08003114       0x14 ./Drivers/STM32F4xx_HAL_Driver/Src/stm32f4xx_hal_tim.o
                0x08003114                HAL_TIM_PWM_MspInit
 .text.HAL_TIM_PWM_Start
                0x08003128      0x190 ./Drivers/STM32F4xx_HAL_Driver/Src/stm32f4xx_hal_tim.o
                0x08003128                HAL_TIM_PWM_Start
 .text.HAL_TIM_IRQHandler
                0x080032b8      0x1e0 ./Drivers/STM32F4xx_HAL_Driver/Src/stm32f4xx_hal_tim.o
                0x080032b8                HAL_TIM_IRQHandler
 .text.HAL_TIM_PWM_ConfigChannel
                0x08003498      0x184 ./Drivers/STM32F4xx_HAL_Driver/Src/stm32f4xx_hal_tim.o
                0x08003498                HAL_TIM_PWM_ConfigChannel
 .text.HAL_TIM_ConfigClockSource
                0x0800361c      0x18e ./Drivers/STM32F4xx_HAL_Driver/Src/stm32f4xx_hal_tim.o
                0x0800361c                HAL_TIM_ConfigClockSource
 .text.HAL_TIM_OC_DelayElapsedCallback
                0x080037aa       0x14 ./Drivers/STM32F4xx_HAL_Driver/Src/stm32f4xx_hal_tim.o
                0x080037aa                HAL_TIM_OC_DelayElapsedCallback
 .text.HAL_TIM_IC_CaptureCallback
                0x080037be       0x14 ./Drivers/STM32F4xx_HAL_Driver/Src/stm32f4xx_hal_tim.o
                0x080037be                HAL_TIM_IC_CaptureCallback
 .text.HAL_TIM_PWM_PulseFinishedCallback
                0x080037d2       0x14 ./Drivers/STM32F4xx_HAL_Driver/Src/stm32f4xx_hal_tim.o
                0x080037d2                HAL_TIM_PWM_PulseFinishedCallback
 .text.HAL_TIM_TriggerCallback
                0x080037e6       0x14 ./Drivers/STM32F4xx_HAL_Driver/Src/stm32f4xx_hal_tim.o
                0x080037e6                HAL_TIM_TriggerCallback
 *fill*         0x080037fa        0x2 
 .text.TIM_Base_SetConfig
                0x080037fc      0x158 ./Drivers/STM32F4xx_HAL_Driver/Src/stm32f4xx_hal_tim.o
                0x080037fc                TIM_Base_SetConfig
 .text.TIM_OC1_SetConfig
                0x08003954       0xe0 ./Drivers/STM32F4xx_HAL_Driver/Src/stm32f4xx_hal_tim.o
 .text.TIM_OC2_SetConfig
                0x08003a34       0xec ./Drivers/STM32F4xx_HAL_Driver/Src/stm32f4xx_hal_tim.o
                0x08003a34                TIM_OC2_SetConfig
 .text.TIM_OC3_SetConfig
                0x08003b20       0xe8 ./Drivers/STM32F4xx_HAL_Driver/Src/stm32f4xx_hal_tim.o
 .text.TIM_OC4_SetConfig
                0x08003c08       0xac ./Drivers/STM32F4xx_HAL_Driver/Src/stm32f4xx_hal_tim.o
 .text.TIM_TI1_ConfigInputStage
                0x08003cb4       0x5e ./Drivers/STM32F4xx_HAL_Driver/Src/stm32f4xx_hal_tim.o
 .text.TIM_TI2_ConfigInputStage
                0x08003d12       0x60 ./Drivers/STM32F4xx_HAL_Driver/Src/stm32f4xx_hal_tim.o
 .text.TIM_ITRx_SetConfig
                0x08003d72       0x36 ./Drivers/STM32F4xx_HAL_Driver/Src/stm32f4xx_hal_tim.o
 .text.TIM_ETR_SetConfig
                0x08003da8       0x40 ./Drivers/STM32F4xx_HAL_Driver/Src/stm32f4xx_hal_tim.o
                0x08003da8                TIM_ETR_SetConfig
 .text.TIM_CCxChannelCmd
                0x08003de8       0x4a ./Drivers/STM32F4xx_HAL_Driver/Src/stm32f4xx_hal_tim.o
                0x08003de8                TIM_CCxChannelCmd
 *fill*         0x08003e32        0x2 
 .text.HAL_TIMEx_MasterConfigSynchronization
                0x08003e34       0xf8 ./Drivers/STM32F4xx_HAL_Driver/Src/stm32f4xx_hal_tim_ex.o
                0x08003e34                HAL_TIMEx_MasterConfigSynchronization
 .text.HAL_TIMEx_CommutCallback
                0x08003f2c       0x14 ./Drivers/STM32F4xx_HAL_Driver/Src/stm32f4xx_hal_tim_ex.o
                0x08003f2c                HAL_TIMEx_CommutCallback
 .text.HAL_TIMEx_BreakCallback
                0x08003f40       0x14 ./Drivers/STM32F4xx_HAL_Driver/Src/stm32f4xx_hal_tim_ex.o
                0x08003f40                HAL_TIMEx_BreakCallback
 .text.malloc   0x08003f54       0x10 C:/ST/STM32CubeIDE_1.15.0/STM32CubeIDE/plugins/com.st.stm32cube.ide.mcu.externaltools.gnu-tools-for-stm32.12.3.rel1.win32_1.0.100.202403111256/tools/bin/../lib/gcc/arm-none-eabi/12.3.1/../../../../arm-none-eabi/lib/thumb/v7e-m+fp/hard\libc_nano.a(libc_a-malloc.o)
                0x08003f54                malloc
 .text.sbrk_aligned
                0x08003f64       0x44 C:/ST/STM32CubeIDE_1.15.0/STM32CubeIDE/plugins/com.st.stm32cube.ide.mcu.externaltools.gnu-tools-for-stm32.12.3.rel1.win32_1.0.100.202403111256/tools/bin/../lib/gcc/arm-none-eabi/12.3.1/../../../../arm-none-eabi/lib/thumb/v7e-m+fp/hard\libc_nano.a(libc_a-mallocr.o)
 .text._malloc_r
                0x08003fa8      0x100 C:/ST/STM32CubeIDE_1.15.0/STM32CubeIDE/plugins/com.st.stm32cube.ide.mcu.externaltools.gnu-tools-for-stm32.12.3.rel1.win32_1.0.100.202403111256/tools/bin/../lib/gcc/arm-none-eabi/12.3.1/../../../../arm-none-eabi/lib/thumb/v7e-m+fp/hard\libc_nano.a(libc_a-mallocr.o)
                0x08003fa8                _malloc_r
 .text.__malloc_lock
                0x080040a8        0xc C:/ST/STM32CubeIDE_1.15.0/STM32CubeIDE/plugins/com.st.stm32cube.ide.mcu.externaltools.gnu-tools-for-stm32.12.3.rel1.win32_1.0.100.202403111256/tools/bin/../lib/gcc/arm-none-eabi/12.3.1/../../../../arm-none-eabi/lib/thumb/v7e-m+fp/hard\libc_nano.a(libc_a-mlock.o)
                0x080040a8                __malloc_lock
 .text.__malloc_unlock
                0x080040b4        0xc C:/ST/STM32CubeIDE_1.15.0/STM32CubeIDE/plugins/com.st.stm32cube.ide.mcu.externaltools.gnu-tools-for-stm32.12.3.rel1.win32_1.0.100.202403111256/tools/bin/../lib/gcc/arm-none-eabi/12.3.1/../../../../arm-none-eabi/lib/thumb/v7e-m+fp/hard\libc_nano.a(libc_a-mlock.o)
                0x080040b4                __malloc_unlock
 .text.memset   0x080040c0       0x10 C:/ST/STM32CubeIDE_1.15.0/STM32CubeIDE/plugins/com.st.stm32cube.ide.mcu.externaltools.gnu-tools-for-stm32.12.3.rel1.win32_1.0.100.202403111256/tools/bin/../lib/gcc/arm-none-eabi/12.3.1/../../../../arm-none-eabi/lib/thumb/v7e-m+fp/hard\libc_nano.a(libc_a-memset.o)
                0x080040c0                memset
 .text._sbrk_r  0x080040d0       0x20 C:/ST/STM32CubeIDE_1.15.0/STM32CubeIDE/plugins/com.st.stm32cube.ide.mcu.externaltools.gnu-tools-for-stm32.12.3.rel1.win32_1.0.100.202403111256/tools/bin/../lib/gcc/arm-none-eabi/12.3.1/../../../../arm-none-eabi/lib/thumb/v7e-m+fp/hard\libc_nano.a(libc_a-sbrkr.o)
                0x080040d0                _sbrk_r
 .text.__errno  0x080040f0        0xc C:/ST/STM32CubeIDE_1.15.0/STM32CubeIDE/plugins/com.st.stm32cube.ide.mcu.externaltools.gnu-tools-for-stm32.12.3.rel1.win32_1.0.100.202403111256/tools/bin/../lib/gcc/arm-none-eabi/12.3.1/../../../../arm-none-eabi/lib/thumb/v7e-m+fp/hard\libc_nano.a(libc_a-errno.o)
                0x080040f0                __errno
 .text.__libc_init_array
                0x080040fc       0x48 C:/ST/STM32CubeIDE_1.15.0/STM32CubeIDE/plugins/com.st.stm32cube.ide.mcu.externaltools.gnu-tools-for-stm32.12.3.rel1.win32_1.0.100.202403111256/tools/bin/../lib/gcc/arm-none-eabi/12.3.1/../../../../arm-none-eabi/lib/thumb/v7e-m+fp/hard\libc_nano.a(libc_a-init.o)
                0x080040fc                __libc_init_array
 .text.__retarget_lock_acquire_recursive
                0x08004144        0x2 C:/ST/STM32CubeIDE_1.15.0/STM32CubeIDE/plugins/com.st.stm32cube.ide.mcu.externaltools.gnu-tools-for-stm32.12.3.rel1.win32_1.0.100.202403111256/tools/bin/../lib/gcc/arm-none-eabi/12.3.1/../../../../arm-none-eabi/lib/thumb/v7e-m+fp/hard\libc_nano.a(libc_a-lock.o)
                0x08004144                __retarget_lock_acquire_recursive
 .text.__retarget_lock_release_recursive
                0x08004146        0x2 C:/ST/STM32CubeIDE_1.15.0/STM32CubeIDE/plugins/com.st.stm32cube.ide.mcu.externaltools.gnu-tools-for-stm32.12.3.rel1.win32_1.0.100.202403111256/tools/bin/../lib/gcc/arm-none-eabi/12.3.1/../../../../arm-none-eabi/lib/thumb/v7e-m+fp/hard\libc_nano.a(libc_a-lock.o)
                0x08004146                __retarget_lock_release_recursive
 *(.glue_7)
 .glue_7        0x08004148        0x0 linker stubs
 *(.glue_7t)
 .glue_7t       0x08004148        0x0 linker stubs
 *(.eh_frame)
 .eh_frame      0x08004148        0x0 C:/ST/STM32CubeIDE_1.15.0/STM32CubeIDE/plugins/com.st.stm32cube.ide.mcu.externaltools.gnu-tools-for-stm32.12.3.rel1.win32_1.0.100.202403111256/tools/bin/../lib/gcc/arm-none-eabi/12.3.1/thumb/v7e-m+fp/hard/crtbegin.o
 *(.init)
 .init          0x08004148        0x4 C:/ST/STM32CubeIDE_1.15.0/STM32CubeIDE/plugins/com.st.stm32cube.ide.mcu.externaltools.gnu-tools-for-stm32.12.3.rel1.win32_1.0.100.202403111256/tools/bin/../lib/gcc/arm-none-eabi/12.3.1/thumb/v7e-m+fp/hard/crti.o
                0x08004148                _init
 .init          0x0800414c        0x8 C:/ST/STM32CubeIDE_1.15.0/STM32CubeIDE/plugins/com.st.stm32cube.ide.mcu.externaltools.gnu-tools-for-stm32.12.3.rel1.win32_1.0.100.202403111256/tools/bin/../lib/gcc/arm-none-eabi/12.3.1/thumb/v7e-m+fp/hard/crtn.o
 *(.fini)
 .fini          0x08004154        0x4 C:/ST/STM32CubeIDE_1.15.0/STM32CubeIDE/plugins/com.st.stm32cube.ide.mcu.externaltools.gnu-tools-for-stm32.12.3.rel1.win32_1.0.100.202403111256/tools/bin/../lib/gcc/arm-none-eabi/12.3.1/thumb/v7e-m+fp/hard/crti.o
                0x08004154                _fini
 .fini          0x08004158        0x8 C:/ST/STM32CubeIDE_1.15.0/STM32CubeIDE/plugins/com.st.stm32cube.ide.mcu.externaltools.gnu-tools-for-stm32.12.3.rel1.win32_1.0.100.202403111256/tools/bin/../lib/gcc/arm-none-eabi/12.3.1/thumb/v7e-m+fp/hard/crtn.o
                0x08004160                        . = ALIGN (0x4)
                0x08004160                        _etext = .

.vfp11_veneer   0x08004160        0x0
 .vfp11_veneer  0x08004160        0x0 linker stubs

.v4_bx          0x08004160        0x0
 .v4_bx         0x08004160        0x0 linker stubs

.iplt           0x08004160        0x0
 .iplt          0x08004160        0x0 C:/ST/STM32CubeIDE_1.15.0/STM32CubeIDE/plugins/com.st.stm32cube.ide.mcu.externaltools.gnu-tools-for-stm32.12.3.rel1.win32_1.0.100.202403111256/tools/bin/../lib/gcc/arm-none-eabi/12.3.1/thumb/v7e-m+fp/hard/crtbegin.o

.rodata         0x08004160       0x10
                0x08004160                        . = ALIGN (0x4)
 *(.rodata)
 *(.rodata*)
 .rodata.AHBPrescTable
                0x08004160       0x10 ./Core/Src/system_stm32f4xx.o
                0x08004160                AHBPrescTable
                0x08004170                        . = ALIGN (0x4)

.ARM.extab      0x08004170        0x0
                0x08004170                        . = ALIGN (0x4)
 *(.ARM.extab* .gnu.linkonce.armextab.*)
                0x08004170                        . = ALIGN (0x4)

.ARM            0x08004170        0x8
                0x08004170                        . = ALIGN (0x4)
                0x08004170                        __exidx_start = .
 *(.ARM.exidx*)
 .ARM.exidx     0x08004170        0x8 C:/ST/STM32CubeIDE_1.15.0/STM32CubeIDE/plugins/com.st.stm32cube.ide.mcu.externaltools.gnu-tools-for-stm32.12.3.rel1.win32_1.0.100.202403111256/tools/bin/../lib/gcc/arm-none-eabi/12.3.1/thumb/v7e-m+fp/hard\libgcc.a(_udivmoddi4.o)
                0x08004178                        __exidx_end = .
                0x08004178                        . = ALIGN (0x4)

.preinit_array  0x08004178        0x0
                0x08004178                        . = ALIGN (0x4)
                0x08004178                        PROVIDE (__preinit_array_start = .)
 *(.preinit_array*)
                0x08004178                        PROVIDE (__preinit_array_end = .)
                0x08004178                        . = ALIGN (0x4)

.init_array     0x08004178        0x4
                0x08004178                        . = ALIGN (0x4)
                0x08004178                        PROVIDE (__init_array_start = .)
 *(SORT_BY_NAME(.init_array.*))
 *(.init_array*)
 .init_array    0x08004178        0x4 C:/ST/STM32CubeIDE_1.15.0/STM32CubeIDE/plugins/com.st.stm32cube.ide.mcu.externaltools.gnu-tools-for-stm32.12.3.rel1.win32_1.0.100.202403111256/tools/bin/../lib/gcc/arm-none-eabi/12.3.1/thumb/v7e-m+fp/hard/crtbegin.o
                0x0800417c                        PROVIDE (__init_array_end = .)
                0x0800417c                        . = ALIGN (0x4)

.fini_array     0x0800417c        0x4
                0x0800417c                        . = ALIGN (0x4)
                [!provide]                        PROVIDE (__fini_array_start = .)
 *(SORT_BY_NAME(.fini_array.*))
 *(.fini_array*)
 .fini_array    0x0800417c        0x4 C:/ST/STM32CubeIDE_1.15.0/STM32CubeIDE/plugins/com.st.stm32cube.ide.mcu.externaltools.gnu-tools-for-stm32.12.3.rel1.win32_1.0.100.202403111256/tools/bin/../lib/gcc/arm-none-eabi/12.3.1/thumb/v7e-m+fp/hard/crtbegin.o
                [!provide]                        PROVIDE (__fini_array_end = .)
                0x08004180                        . = ALIGN (0x4)
                0x08004180                        _sidata = LOADADDR (.data)

.rel.dyn        0x08004180        0x0
 .rel.iplt      0x08004180        0x0 C:/ST/STM32CubeIDE_1.15.0/STM32CubeIDE/plugins/com.st.stm32cube.ide.mcu.externaltools.gnu-tools-for-stm32.12.3.rel1.win32_1.0.100.202403111256/tools/bin/../lib/gcc/arm-none-eabi/12.3.1/thumb/v7e-m+fp/hard/crtbegin.o

.data           0x20000000     0x200c load address 0x08004180
                0x20000000                        . = ALIGN (0x4)
                0x20000000                        _sdata = .
 *(.data)
 *(.data*)
 .data.buttons  0x20000000       0x18 ./Core/Src/buttons.o
                0x20000000                buttons
 .data.circumference
                0x20000018        0x8 ./Core/Src/cut_code.o
                0x20000018                circumference
 .data.CCR_MIN  0x20000020        0x4 ./Core/Src/cut_code.o
                0x20000020                CCR_MIN
 .data.CCR_MAX  0x20000024        0x4 ./Core/Src/cut_code.o
                0x20000024                CCR_MAX
 .data.CCR      0x20000028        0x4 ./Core/Src/cut_code.o
                0x20000028                CCR
 .data.PWM_TIM  0x2000002c        0x4 ./Core/Src/cut_code.o
                0x2000002c                PWM_TIM
 .data.PWM_TIM_CH
                0x20000030        0x4 ./Core/Src/cut_code.o
                0x20000030                PWM_TIM_CH
 .data.Lock_TIM
                0x20000034        0x4 ./Core/Src/cut_code.o
                0x20000034                Lock_TIM
 .data.Lock_Multiplier
                0x20000038        0x4 ./Core/Src/cut_code.o
                0x20000038                Lock_Multiplier
 .data.Lock_Buffer
                0x2000003c        0x4 ./Core/Src/cut_code.o
                0x2000003c                Lock_Buffer
 .data.steps_to_inches
                0x20000040        0x8 ./Core/Src/cut_code.o
                0x20000040                steps_to_inches
 .data.Pulse_Pin
                0x20000048        0x2 ./Core/Src/cut_code.o
                0x20000048                Pulse_Pin
 *fill*         0x2000004a        0x2 
 .data.Pulse_Port
                0x2000004c        0x4 ./Core/Src/cut_code.o
                0x2000004c                Pulse_Port
 .data.Dir_Pin  0x20000050        0x2 ./Core/Src/cut_code.o
                0x20000050                Dir_Pin
 *fill*         0x20000052        0x2 
 .data.Dir_Port
                0x20000054        0x4 ./Core/Src/cut_code.o
                0x20000054                Dir_Port
 .data.Move_Down_Pin
                0x20000058        0x2 ./Core/Src/cut_code.o
                0x20000058                Move_Down_Pin
 *fill*         0x2000005a        0x2 
 .data.Move_Down_Port
                0x2000005c        0x4 ./Core/Src/cut_code.o
                0x2000005c                Move_Down_Port
 .data.Move_Up_Pin
                0x20000060        0x2 ./Core/Src/cut_code.o
                0x20000060                Move_Up_Pin
 *fill*         0x20000062        0x2 
 .data.Move_Up_Port
                0x20000064        0x4 ./Core/Src/cut_code.o
                0x20000064                Move_Up_Port
 .data.step_htim
                0x20000068        0x4 ./Core/Src/cut_code.o
                0x20000068                step_htim
 .data.num_instructions
                0x2000006c        0x4 ./Core/Src/cut_code.o
                0x2000006c                num_instructions
 .data.cut_instructions
                0x20000070     0x1f40 ./Core/Src/cut_code.o
                0x20000070                cut_instructions
 .data.SystemCoreClock
                0x20001fb0        0x4 ./Core/Src/system_stm32f4xx.o
                0x20001fb0                SystemCoreClock
 .data.uwTickPrio
                0x20001fb4        0x4 ./Drivers/STM32F4xx_HAL_Driver/Src/stm32f4xx_hal.o
                0x20001fb4                uwTickPrio
 .data.uwTickFreq
                0x20001fb8        0x1 ./Drivers/STM32F4xx_HAL_Driver/Src/stm32f4xx_hal.o
                0x20001fb8                uwTickFreq
 *fill*         0x20001fb9        0x3 
 .data._impure_ptr
                0x20001fbc        0x4 C:/ST/STM32CubeIDE_1.15.0/STM32CubeIDE/plugins/com.st.stm32cube.ide.mcu.externaltools.gnu-tools-for-stm32.12.3.rel1.win32_1.0.100.202403111256/tools/bin/../lib/gcc/arm-none-eabi/12.3.1/../../../../arm-none-eabi/lib/thumb/v7e-m+fp/hard\libc_nano.a(libc_a-impure.o)
                0x20001fbc                _impure_ptr
 .data._impure_data
                0x20001fc0       0x4c C:/ST/STM32CubeIDE_1.15.0/STM32CubeIDE/plugins/com.st.stm32cube.ide.mcu.externaltools.gnu-tools-for-stm32.12.3.rel1.win32_1.0.100.202403111256/tools/bin/../lib/gcc/arm-none-eabi/12.3.1/../../../../arm-none-eabi/lib/thumb/v7e-m+fp/hard\libc_nano.a(libc_a-impure.o)
                0x20001fc0                _impure_data
 *(.RamFunc)
 *(.RamFunc*)
                0x2000200c                        . = ALIGN (0x4)
                0x2000200c                        _edata = .
                0x0800618c                        _siccmram = LOADADDR (.ccmram)

.igot.plt       0x2000200c        0x0 load address 0x0800618c
 .igot.plt      0x2000200c        0x0 C:/ST/STM32CubeIDE_1.15.0/STM32CubeIDE/plugins/com.st.stm32cube.ide.mcu.externaltools.gnu-tools-for-stm32.12.3.rel1.win32_1.0.100.202403111256/tools/bin/../lib/gcc/arm-none-eabi/12.3.1/thumb/v7e-m+fp/hard/crtbegin.o

.ccmram         0x10000000        0x0 load address 0x0800618c
                0x10000000                        . = ALIGN (0x4)
                0x10000000                        _sccmram = .
 *(.ccmram)
 *(.ccmram*)
                0x10000000                        . = ALIGN (0x4)
                0x10000000                        _eccmram = .
                0x10000000                        . = ALIGN (0x4)

.bss            0x2000200c      0x2dc
                0x2000200c                        _sbss = .
                0x2000200c                        __bss_start__ = _sbss
 *(.bss)
 .bss           0x2000200c       0x1c C:/ST/STM32CubeIDE_1.15.0/STM32CubeIDE/plugins/com.st.stm32cube.ide.mcu.externaltools.gnu-tools-for-stm32.12.3.rel1.win32_1.0.100.202403111256/tools/bin/../lib/gcc/arm-none-eabi/12.3.1/thumb/v7e-m+fp/hard/crtbegin.o
 *(.bss*)
 .bss.last_state.1
                0x20002028        0x3 ./Core/Src/buttons.o
 .bss.button_stage.0
                0x2000202b        0x1 ./Core/Src/buttons.o
 .bss.htim2     0x2000202c       0x48 ./Core/Src/main.o
                0x2000202c                htim2
 .bss.htim3     0x20002074       0x48 ./Core/Src/main.o
                0x20002074                htim3
 .bss.htim4     0x200020bc       0x48 ./Core/Src/main.o
                0x200020bc                htim4
 .bss.htim5     0x20002104       0x48 ./Core/Src/main.o
                0x20002104                htim5
 .bss.htim7     0x2000214c       0x48 ./Core/Src/main.o
                0x2000214c                htim7
 .bss.cutter    0x20002194        0x4 ./Core/Src/main.o
                0x20002194                cutter
 .bss.__sbrk_heap_end
                0x20002198        0x4 ./Core/Src/sysmem.o
 .bss.uwTick    0x2000219c        0x4 ./Drivers/STM32F4xx_HAL_Driver/Src/stm32f4xx_hal.o
                0x2000219c                uwTick
 .bss.__malloc_sbrk_start
                0x200021a0        0x4 C:/ST/STM32CubeIDE_1.15.0/STM32CubeIDE/plugins/com.st.stm32cube.ide.mcu.externaltools.gnu-tools-for-stm32.12.3.rel1.win32_1.0.100.202403111256/tools/bin/../lib/gcc/arm-none-eabi/12.3.1/../../../../arm-none-eabi/lib/thumb/v7e-m+fp/hard\libc_nano.a(libc_a-mallocr.o)
                0x200021a0                __malloc_sbrk_start
 .bss.__malloc_free_list
                0x200021a4        0x4 C:/ST/STM32CubeIDE_1.15.0/STM32CubeIDE/plugins/com.st.stm32cube.ide.mcu.externaltools.gnu-tools-for-stm32.12.3.rel1.win32_1.0.100.202403111256/tools/bin/../lib/gcc/arm-none-eabi/12.3.1/../../../../arm-none-eabi/lib/thumb/v7e-m+fp/hard\libc_nano.a(libc_a-mallocr.o)
                0x200021a4                __malloc_free_list
 .bss.__sf      0x200021a8      0x138 C:/ST/STM32CubeIDE_1.15.0/STM32CubeIDE/plugins/com.st.stm32cube.ide.mcu.externaltools.gnu-tools-for-stm32.12.3.rel1.win32_1.0.100.202403111256/tools/bin/../lib/gcc/arm-none-eabi/12.3.1/../../../../arm-none-eabi/lib/thumb/v7e-m+fp/hard\libc_nano.a(libc_a-findfp.o)
                0x200021a8                __sf
 .bss.errno     0x200022e0        0x4 C:/ST/STM32CubeIDE_1.15.0/STM32CubeIDE/plugins/com.st.stm32cube.ide.mcu.externaltools.gnu-tools-for-stm32.12.3.rel1.win32_1.0.100.202403111256/tools/bin/../lib/gcc/arm-none-eabi/12.3.1/../../../../arm-none-eabi/lib/thumb/v7e-m+fp/hard\libc_nano.a(libc_a-reent.o)
                0x200022e0                errno
 .bss.__lock___malloc_recursive_mutex
                0x200022e4        0x1 C:/ST/STM32CubeIDE_1.15.0/STM32CubeIDE/plugins/com.st.stm32cube.ide.mcu.externaltools.gnu-tools-for-stm32.12.3.rel1.win32_1.0.100.202403111256/tools/bin/../lib/gcc/arm-none-eabi/12.3.1/../../../../arm-none-eabi/lib/thumb/v7e-m+fp/hard\libc_nano.a(libc_a-lock.o)
                0x200022e4                __lock___malloc_recursive_mutex
 *(COMMON)
                0x200022e8                        . = ALIGN (0x4)
 *fill*         0x200022e5        0x3 
                0x200022e8                        _ebss = .
                0x200022e8                        __bss_end__ = _ebss

._user_heap_stack
                0x200022e8      0x600
                0x200022e8                        . = ALIGN (0x8)
                [!provide]                        PROVIDE (end = .)
                0x200022e8                        PROVIDE (_end = .)
                0x200024e8                        . = (. + _Min_Heap_Size)
 *fill*         0x200022e8      0x200 
                0x200028e8                        . = (. + _Min_Stack_Size)
 *fill*         0x200024e8      0x400 
                0x200028e8                        . = ALIGN (0x8)

/DISCARD/
 libc.a(*)
 libm.a(*)
 libgcc.a(*)

.ARM.attributes
                0x00000000       0x30
 *(.ARM.attributes)
 .ARM.attributes
                0x00000000       0x22 C:/ST/STM32CubeIDE_1.15.0/STM32CubeIDE/plugins/com.st.stm32cube.ide.mcu.externaltools.gnu-tools-for-stm32.12.3.rel1.win32_1.0.100.202403111256/tools/bin/../lib/gcc/arm-none-eabi/12.3.1/thumb/v7e-m+fp/hard/crti.o
 .ARM.attributes
                0x00000022       0x34 C:/ST/STM32CubeIDE_1.15.0/STM32CubeIDE/plugins/com.st.stm32cube.ide.mcu.externaltools.gnu-tools-for-stm32.12.3.rel1.win32_1.0.100.202403111256/tools/bin/../lib/gcc/arm-none-eabi/12.3.1/thumb/v7e-m+fp/hard/crtbegin.o
 .ARM.attributes
                0x00000056       0x34 ./Core/Src/buttons.o
 .ARM.attributes
                0x0000008a       0x34 ./Core/Src/cut_code.o
 .ARM.attributes
                0x000000be       0x34 ./Core/Src/cutter.o
 .ARM.attributes
                0x000000f2       0x34 ./Core/Src/main.o
 .ARM.attributes
                0x00000126       0x34 ./Core/Src/stm32f4xx_hal_msp.o
 .ARM.attributes
                0x0000015a       0x34 ./Core/Src/stm32f4xx_it.o
 .ARM.attributes
                0x0000018e       0x34 ./Core/Src/sysmem.o
 .ARM.attributes
                0x000001c2       0x34 ./Core/Src/system_stm32f4xx.o
 .ARM.attributes
                0x000001f6       0x21 ./Core/Startup/startup_stm32f407vgtx.o
 .ARM.attributes
                0x00000217       0x34 ./Drivers/STM32F4xx_HAL_Driver/Src/stm32f4xx_hal.o
 .ARM.attributes
                0x0000024b       0x34 ./Drivers/STM32F4xx_HAL_Driver/Src/stm32f4xx_hal_cortex.o
 .ARM.attributes
                0x0000027f       0x34 ./Drivers/STM32F4xx_HAL_Driver/Src/stm32f4xx_hal_gpio.o
 .ARM.attributes
                0x000002b3       0x34 ./Drivers/STM32F4xx_HAL_Driver/Src/stm32f4xx_hal_rcc.o
 .ARM.attributes
                0x000002e7       0x34 ./Drivers/STM32F4xx_HAL_Driver/Src/stm32f4xx_hal_tim.o
 .ARM.attributes
                0x0000031b       0x34 ./Drivers/STM32F4xx_HAL_Driver/Src/stm32f4xx_hal_tim_ex.o
 .ARM.attributes
                0x0000034f       0x34 C:/ST/STM32CubeIDE_1.15.0/STM32CubeIDE/plugins/com.st.stm32cube.ide.mcu.externaltools.gnu-tools-for-stm32.12.3.rel1.win32_1.0.100.202403111256/tools/bin/../lib/gcc/arm-none-eabi/12.3.1/../../../../arm-none-eabi/lib/thumb/v7e-m+fp/hard\libc_nano.a(libc_a-malloc.o)
 .ARM.attributes
                0x00000383       0x34 C:/ST/STM32CubeIDE_1.15.0/STM32CubeIDE/plugins/com.st.stm32cube.ide.mcu.externaltools.gnu-tools-for-stm32.12.3.rel1.win32_1.0.100.202403111256/tools/bin/../lib/gcc/arm-none-eabi/12.3.1/../../../../arm-none-eabi/lib/thumb/v7e-m+fp/hard\libc_nano.a(libc_a-mallocr.o)
 .ARM.attributes
                0x000003b7       0x34 C:/ST/STM32CubeIDE_1.15.0/STM32CubeIDE/plugins/com.st.stm32cube.ide.mcu.externaltools.gnu-tools-for-stm32.12.3.rel1.win32_1.0.100.202403111256/tools/bin/../lib/gcc/arm-none-eabi/12.3.1/../../../../arm-none-eabi/lib/thumb/v7e-m+fp/hard\libc_nano.a(libc_a-mlock.o)
 .ARM.attributes
                0x000003eb       0x34 C:/ST/STM32CubeIDE_1.15.0/STM32CubeIDE/plugins/com.st.stm32cube.ide.mcu.externaltools.gnu-tools-for-stm32.12.3.rel1.win32_1.0.100.202403111256/tools/bin/../lib/gcc/arm-none-eabi/12.3.1/../../../../arm-none-eabi/lib/thumb/v7e-m+fp/hard\libc_nano.a(libc_a-findfp.o)
 .ARM.attributes
                0x0000041f       0x34 C:/ST/STM32CubeIDE_1.15.0/STM32CubeIDE/plugins/com.st.stm32cube.ide.mcu.externaltools.gnu-tools-for-stm32.12.3.rel1.win32_1.0.100.202403111256/tools/bin/../lib/gcc/arm-none-eabi/12.3.1/../../../../arm-none-eabi/lib/thumb/v7e-m+fp/hard\libc_nano.a(libc_a-memset.o)
 .ARM.attributes
                0x00000453       0x34 C:/ST/STM32CubeIDE_1.15.0/STM32CubeIDE/plugins/com.st.stm32cube.ide.mcu.externaltools.gnu-tools-for-stm32.12.3.rel1.win32_1.0.100.202403111256/tools/bin/../lib/gcc/arm-none-eabi/12.3.1/../../../../arm-none-eabi/lib/thumb/v7e-m+fp/hard\libc_nano.a(libc_a-reent.o)
 .ARM.attributes
                0x00000487       0x34 C:/ST/STM32CubeIDE_1.15.0/STM32CubeIDE/plugins/com.st.stm32cube.ide.mcu.externaltools.gnu-tools-for-stm32.12.3.rel1.win32_1.0.100.202403111256/tools/bin/../lib/gcc/arm-none-eabi/12.3.1/../../../../arm-none-eabi/lib/thumb/v7e-m+fp/hard\libc_nano.a(libc_a-impure.o)
 .ARM.attributes
                0x000004bb       0x34 C:/ST/STM32CubeIDE_1.15.0/STM32CubeIDE/plugins/com.st.stm32cube.ide.mcu.externaltools.gnu-tools-for-stm32.12.3.rel1.win32_1.0.100.202403111256/tools/bin/../lib/gcc/arm-none-eabi/12.3.1/../../../../arm-none-eabi/lib/thumb/v7e-m+fp/hard\libc_nano.a(libc_a-sbrkr.o)
 .ARM.attributes
                0x000004ef       0x34 C:/ST/STM32CubeIDE_1.15.0/STM32CubeIDE/plugins/com.st.stm32cube.ide.mcu.externaltools.gnu-tools-for-stm32.12.3.rel1.win32_1.0.100.202403111256/tools/bin/../lib/gcc/arm-none-eabi/12.3.1/../../../../arm-none-eabi/lib/thumb/v7e-m+fp/hard\libc_nano.a(libc_a-errno.o)
 .ARM.attributes
                0x00000523       0x34 C:/ST/STM32CubeIDE_1.15.0/STM32CubeIDE/plugins/com.st.stm32cube.ide.mcu.externaltools.gnu-tools-for-stm32.12.3.rel1.win32_1.0.100.202403111256/tools/bin/../lib/gcc/arm-none-eabi/12.3.1/../../../../arm-none-eabi/lib/thumb/v7e-m+fp/hard\libc_nano.a(libc_a-init.o)
 .ARM.attributes
                0x00000557       0x34 C:/ST/STM32CubeIDE_1.15.0/STM32CubeIDE/plugins/com.st.stm32cube.ide.mcu.externaltools.gnu-tools-for-stm32.12.3.rel1.win32_1.0.100.202403111256/tools/bin/../lib/gcc/arm-none-eabi/12.3.1/../../../../arm-none-eabi/lib/thumb/v7e-m+fp/hard\libc_nano.a(libc_a-lock.o)
 .ARM.attributes
                0x0000058b       0x22 C:/ST/STM32CubeIDE_1.15.0/STM32CubeIDE/plugins/com.st.stm32cube.ide.mcu.externaltools.gnu-tools-for-stm32.12.3.rel1.win32_1.0.100.202403111256/tools/bin/../lib/gcc/arm-none-eabi/12.3.1/thumb/v7e-m+fp/hard\libgcc.a(_arm_addsubdf3.o)
 .ARM.attributes
                0x000005ad       0x22 C:/ST/STM32CubeIDE_1.15.0/STM32CubeIDE/plugins/com.st.stm32cube.ide.mcu.externaltools.gnu-tools-for-stm32.12.3.rel1.win32_1.0.100.202403111256/tools/bin/../lib/gcc/arm-none-eabi/12.3.1/thumb/v7e-m+fp/hard\libgcc.a(_arm_muldivdf3.o)
 .ARM.attributes
                0x000005cf       0x22 C:/ST/STM32CubeIDE_1.15.0/STM32CubeIDE/plugins/com.st.stm32cube.ide.mcu.externaltools.gnu-tools-for-stm32.12.3.rel1.win32_1.0.100.202403111256/tools/bin/../lib/gcc/arm-none-eabi/12.3.1/thumb/v7e-m+fp/hard\libgcc.a(_arm_fixdfsi.o)
 .ARM.attributes
                0x000005f1       0x22 C:/ST/STM32CubeIDE_1.15.0/STM32CubeIDE/plugins/com.st.stm32cube.ide.mcu.externaltools.gnu-tools-for-stm32.12.3.rel1.win32_1.0.100.202403111256/tools/bin/../lib/gcc/arm-none-eabi/12.3.1/thumb/v7e-m+fp/hard\libgcc.a(_arm_fixunsdfsi.o)
 .ARM.attributes
                0x00000613       0x22 C:/ST/STM32CubeIDE_1.15.0/STM32CubeIDE/plugins/com.st.stm32cube.ide.mcu.externaltools.gnu-tools-for-stm32.12.3.rel1.win32_1.0.100.202403111256/tools/bin/../lib/gcc/arm-none-eabi/12.3.1/thumb/v7e-m+fp/hard\libgcc.a(_aeabi_uldivmod.o)
 .ARM.attributes
                0x00000635       0x34 C:/ST/STM32CubeIDE_1.15.0/STM32CubeIDE/plugins/com.st.stm32cube.ide.mcu.externaltools.gnu-tools-for-stm32.12.3.rel1.win32_1.0.100.202403111256/tools/bin/../lib/gcc/arm-none-eabi/12.3.1/thumb/v7e-m+fp/hard\libgcc.a(_udivmoddi4.o)
 .ARM.attributes
                0x00000669       0x22 C:/ST/STM32CubeIDE_1.15.0/STM32CubeIDE/plugins/com.st.stm32cube.ide.mcu.externaltools.gnu-tools-for-stm32.12.3.rel1.win32_1.0.100.202403111256/tools/bin/../lib/gcc/arm-none-eabi/12.3.1/thumb/v7e-m+fp/hard\libgcc.a(_dvmd_tls.o)
 .ARM.attributes
                0x0000068b       0x22 C:/ST/STM32CubeIDE_1.15.0/STM32CubeIDE/plugins/com.st.stm32cube.ide.mcu.externaltools.gnu-tools-for-stm32.12.3.rel1.win32_1.0.100.202403111256/tools/bin/../lib/gcc/arm-none-eabi/12.3.1/thumb/v7e-m+fp/hard/crtn.o
OUTPUT(Tube_Cutter.elf elf32-littlearm)
LOAD linker stubs
LOAD C:/ST/STM32CubeIDE_1.15.0/STM32CubeIDE/plugins/com.st.stm32cube.ide.mcu.externaltools.gnu-tools-for-stm32.12.3.rel1.win32_1.0.100.202403111256/tools/bin/../lib/gcc/arm-none-eabi/12.3.1/../../../../arm-none-eabi/lib/thumb/v7e-m+fp/hard\libc.a
LOAD C:/ST/STM32CubeIDE_1.15.0/STM32CubeIDE/plugins/com.st.stm32cube.ide.mcu.externaltools.gnu-tools-for-stm32.12.3.rel1.win32_1.0.100.202403111256/tools/bin/../lib/gcc/arm-none-eabi/12.3.1/../../../../arm-none-eabi/lib/thumb/v7e-m+fp/hard\libm.a
LOAD C:/ST/STM32CubeIDE_1.15.0/STM32CubeIDE/plugins/com.st.stm32cube.ide.mcu.externaltools.gnu-tools-for-stm32.12.3.rel1.win32_1.0.100.202403111256/tools/bin/../lib/gcc/arm-none-eabi/12.3.1/thumb/v7e-m+fp/hard\libgcc.a

.debug_info     0x00000000     0xb695
 .debug_info    0x00000000      0xb2e ./Core/Src/buttons.o
 .debug_info    0x00000b2e      0x925 ./Core/Src/cut_code.o
 .debug_info    0x00001453      0xd9e ./Core/Src/cutter.o
 .debug_info    0x000021f1     0x14f6 ./Core/Src/main.o
 .debug_info    0x000036e7      0xd04 ./Core/Src/stm32f4xx_hal_msp.o
 .debug_info    0x000043eb      0x779 ./Core/Src/stm32f4xx_it.o
 .debug_info    0x00004b64      0x168 ./Core/Src/sysmem.o
 .debug_info    0x00004ccc      0x512 ./Core/Src/system_stm32f4xx.o
 .debug_info    0x000051de       0x30 ./Core/Startup/startup_stm32f407vgtx.o
 .debug_info    0x0000520e      0x944 ./Drivers/STM32F4xx_HAL_Driver/Src/stm32f4xx_hal.o
 .debug_info    0x00005b52      0xd57 ./Drivers/STM32F4xx_HAL_Driver/Src/stm32f4xx_hal_cortex.o
 .debug_info    0x000068a9      0x6c3 ./Drivers/STM32F4xx_HAL_Driver/Src/stm32f4xx_hal_gpio.o
 .debug_info    0x00006f6c      0x8b1 ./Drivers/STM32F4xx_HAL_Driver/Src/stm32f4xx_hal_rcc.o
 .debug_info    0x0000781d     0x299d ./Drivers/STM32F4xx_HAL_Driver/Src/stm32f4xx_hal_tim.o
 .debug_info    0x0000a1ba     0x14db ./Drivers/STM32F4xx_HAL_Driver/Src/stm32f4xx_hal_tim_ex.o

.debug_abbrev   0x00000000     0x1d16
 .debug_abbrev  0x00000000      0x21a ./Core/Src/buttons.o
 .debug_abbrev  0x0000021a      0x173 ./Core/Src/cut_code.o
 .debug_abbrev  0x0000038d      0x23f ./Core/Src/cutter.o
 .debug_abbrev  0x000005cc      0x2f7 ./Core/Src/main.o
 .debug_abbrev  0x000008c3      0x1d4 ./Core/Src/stm32f4xx_hal_msp.o
 .debug_abbrev  0x00000a97      0x1c4 ./Core/Src/stm32f4xx_it.o
 .debug_abbrev  0x00000c5b       0xbc ./Core/Src/sysmem.o
 .debug_abbrev  0x00000d17      0x11a ./Core/Src/system_stm32f4xx.o
 .debug_abbrev  0x00000e31       0x24 ./Core/Startup/startup_stm32f407vgtx.o
 .debug_abbrev  0x00000e55      0x214 ./Drivers/STM32F4xx_HAL_Driver/Src/stm32f4xx_hal.o
 .debug_abbrev  0x00001069      0x328 ./Drivers/STM32F4xx_HAL_Driver/Src/stm32f4xx_hal_cortex.o
 .debug_abbrev  0x00001391      0x1d4 ./Drivers/STM32F4xx_HAL_Driver/Src/stm32f4xx_hal_gpio.o
 .debug_abbrev  0x00001565      0x2b6 ./Drivers/STM32F4xx_HAL_Driver/Src/stm32f4xx_hal_rcc.o
 .debug_abbrev  0x0000181b      0x278 ./Drivers/STM32F4xx_HAL_Driver/Src/stm32f4xx_hal_tim.o
 .debug_abbrev  0x00001a93      0x283 ./Drivers/STM32F4xx_HAL_Driver/Src/stm32f4xx_hal_tim_ex.o

.debug_aranges  0x00000000      0xa88
 .debug_aranges
                0x00000000       0x30 ./Core/Src/buttons.o
 .debug_aranges
                0x00000030       0x18 ./Core/Src/cut_code.o
 .debug_aranges
                0x00000048       0x78 ./Core/Src/cutter.o
 .debug_aranges
                0x000000c0       0x68 ./Core/Src/main.o
 .debug_aranges
                0x00000128       0x38 ./Core/Src/stm32f4xx_hal_msp.o
 .debug_aranges
                0x00000160       0x90 ./Core/Src/stm32f4xx_it.o
 .debug_aranges
                0x000001f0       0x20 ./Core/Src/sysmem.o
 .debug_aranges
                0x00000210       0x28 ./Core/Src/system_stm32f4xx.o
 .debug_aranges
                0x00000238       0x28 ./Core/Startup/startup_stm32f407vgtx.o
 .debug_aranges
                0x00000260       0xf0 ./Drivers/STM32F4xx_HAL_Driver/Src/stm32f4xx_hal.o
 .debug_aranges
                0x00000350      0x120 ./Drivers/STM32F4xx_HAL_Driver/Src/stm32f4xx_hal_cortex.o
 .debug_aranges
                0x00000470       0x58 ./Drivers/STM32F4xx_HAL_Driver/Src/stm32f4xx_hal_gpio.o
 .debug_aranges
                0x000004c8       0x88 ./Drivers/STM32F4xx_HAL_Driver/Src/stm32f4xx_hal_rcc.o
 .debug_aranges
                0x00000550      0x3d0 ./Drivers/STM32F4xx_HAL_Driver/Src/stm32f4xx_hal_tim.o
 .debug_aranges
                0x00000920      0x168 ./Drivers/STM32F4xx_HAL_Driver/Src/stm32f4xx_hal_tim_ex.o

.debug_rnglists
                0x00000000      0x803
 .debug_rnglists
                0x00000000       0x20 ./Core/Src/buttons.o
 .debug_rnglists
                0x00000020       0x59 ./Core/Src/cutter.o
 .debug_rnglists
                0x00000079       0x4f ./Core/Src/main.o
 .debug_rnglists
                0x000000c8       0x27 ./Core/Src/stm32f4xx_hal_msp.o
 .debug_rnglists
                0x000000ef       0x67 ./Core/Src/stm32f4xx_it.o
 .debug_rnglists
                0x00000156       0x13 ./Core/Src/sysmem.o
 .debug_rnglists
                0x00000169       0x1a ./Core/Src/system_stm32f4xx.o
 .debug_rnglists
                0x00000183       0x19 ./Core/Startup/startup_stm32f407vgtx.o
 .debug_rnglists
                0x0000019c       0xaf ./Drivers/STM32F4xx_HAL_Driver/Src/stm32f4xx_hal.o
 .debug_rnglists
                0x0000024b       0xd4 ./Drivers/STM32F4xx_HAL_Driver/Src/stm32f4xx_hal_cortex.o
 .debug_rnglists
                0x0000031f       0x3f ./Drivers/STM32F4xx_HAL_Driver/Src/stm32f4xx_hal_gpio.o
 .debug_rnglists
                0x0000035e       0x66 ./Drivers/STM32F4xx_HAL_Driver/Src/stm32f4xx_hal_rcc.o
 .debug_rnglists
                0x000003c4      0x31a ./Drivers/STM32F4xx_HAL_Driver/Src/stm32f4xx_hal_tim.o
 .debug_rnglists
                0x000006de      0x125 ./Drivers/STM32F4xx_HAL_Driver/Src/stm32f4xx_hal_tim_ex.o

.debug_macro    0x00000000    0x20fc3
 .debug_macro   0x00000000      0x1e7 ./Core/Src/buttons.o
 .debug_macro   0x000001e7      0xab4 ./Core/Src/buttons.o
 .debug_macro   0x00000c9b      0x295 ./Core/Src/buttons.o
 .debug_macro   0x00000f30       0x2e ./Core/Src/buttons.o
 .debug_macro   0x00000f5e       0x2f ./Core/Src/buttons.o
 .debug_macro   0x00000f8d       0x22 ./Core/Src/buttons.o
 .debug_macro   0x00000faf       0x8e ./Core/Src/buttons.o
 .debug_macro   0x0000103d       0x51 ./Core/Src/buttons.o
 .debug_macro   0x0000108e      0x103 ./Core/Src/buttons.o
 .debug_macro   0x00001191       0x6a ./Core/Src/buttons.o
 .debug_macro   0x000011fb      0x1df ./Core/Src/buttons.o
 .debug_macro   0x000013da       0x1c ./Core/Src/buttons.o
 .debug_macro   0x000013f6       0x22 ./Core/Src/buttons.o
 .debug_macro   0x00001418       0xfb ./Core/Src/buttons.o
 .debug_macro   0x00001513     0x1011 ./Core/Src/buttons.o
 .debug_macro   0x00002524      0x11f ./Core/Src/buttons.o
 .debug_macro   0x00002643    0x15e97 ./Core/Src/buttons.o
 .debug_macro   0x000184da       0x6d ./Core/Src/buttons.o
 .debug_macro   0x00018547     0x368c ./Core/Src/buttons.o
 .debug_macro   0x0001bbd3      0x189 ./Core/Src/buttons.o
 .debug_macro   0x0001bd5c       0x5c ./Core/Src/buttons.o
 .debug_macro   0x0001bdb8      0x980 ./Core/Src/buttons.o
 .debug_macro   0x0001c738      0x9e9 ./Core/Src/buttons.o
 .debug_macro   0x0001d121      0x115 ./Core/Src/buttons.o
 .debug_macro   0x0001d236      0x13e ./Core/Src/buttons.o
 .debug_macro   0x0001d374       0xa5 ./Core/Src/buttons.o
 .debug_macro   0x0001d419      0x174 ./Core/Src/buttons.o
 .debug_macro   0x0001d58d      0x287 ./Core/Src/buttons.o
 .debug_macro   0x0001d814       0x5f ./Core/Src/buttons.o
 .debug_macro   0x0001d873      0x236 ./Core/Src/buttons.o
 .debug_macro   0x0001daa9      0x12c ./Core/Src/buttons.o
 .debug_macro   0x0001dbd5      0x21e ./Core/Src/buttons.o
 .debug_macro   0x0001ddf3       0x2e ./Core/Src/buttons.o
 .debug_macro   0x0001de21      0x127 ./Core/Src/buttons.o
 .debug_macro   0x0001df48       0x7e ./Core/Src/buttons.o
 .debug_macro   0x0001dfc6       0x89 ./Core/Src/buttons.o
 .debug_macro   0x0001e04f      0x8ed ./Core/Src/buttons.o
 .debug_macro   0x0001e93c       0x4d ./Core/Src/buttons.o
 .debug_macro   0x0001e989      0x12d ./Core/Src/buttons.o
 .debug_macro   0x0001eab6       0xee ./Core/Src/buttons.o
 .debug_macro   0x0001eba4      0x1e1 ./Core/Src/cut_code.o
 .debug_macro   0x0001ed85      0x2b1 ./Core/Src/cutter.o
 .debug_macro   0x0001f036       0x2a ./Core/Src/cutter.o
 .debug_macro   0x0001f060       0x61 ./Core/Src/cutter.o
 .debug_macro   0x0001f0c1       0x43 ./Core/Src/cutter.o
 .debug_macro   0x0001f104       0x34 ./Core/Src/cutter.o
 .debug_macro   0x0001f138       0x16 ./Core/Src/cutter.o
 .debug_macro   0x0001f14e      0x11c ./Core/Src/cutter.o
 .debug_macro   0x0001f26a       0x94 ./Core/Src/cutter.o
 .debug_macro   0x0001f2fe       0x16 ./Core/Src/cutter.o
 .debug_macro   0x0001f314       0x43 ./Core/Src/cutter.o
 .debug_macro   0x0001f357       0x34 ./Core/Src/cutter.o
 .debug_macro   0x0001f38b       0x10 ./Core/Src/cutter.o
 .debug_macro   0x0001f39b       0x58 ./Core/Src/cutter.o
 .debug_macro   0x0001f3f3       0x8e ./Core/Src/cutter.o
 .debug_macro   0x0001f481       0x1c ./Core/Src/cutter.o
 .debug_macro   0x0001f49d      0x177 ./Core/Src/cutter.o
 .debug_macro   0x0001f614      0x369 ./Core/Src/cutter.o
 .debug_macro   0x0001f97d       0x16 ./Core/Src/cutter.o
 .debug_macro   0x0001f993       0x29 ./Core/Src/cutter.o
 .debug_macro   0x0001f9bc       0x56 ./Core/Src/cutter.o
 .debug_macro   0x0001fa12      0x1df ./Core/Src/main.o
 .debug_macro   0x0001fbf1      0x1d3 ./Core/Src/stm32f4xx_hal_msp.o
 .debug_macro   0x0001fdc4      0x1dd ./Core/Src/stm32f4xx_it.o
 .debug_macro   0x0001ffa1       0xff ./Core/Src/sysmem.o
 .debug_macro   0x000200a0      0x23c ./Core/Src/sysmem.o
 .debug_macro   0x000202dc      0x1c4 ./Core/Src/system_stm32f4xx.o
 .debug_macro   0x000204a0      0x224 ./Drivers/STM32F4xx_HAL_Driver/Src/stm32f4xx_hal.o
 .debug_macro   0x000206c4      0x1c4 ./Drivers/STM32F4xx_HAL_Driver/Src/stm32f4xx_hal_cortex.o
 .debug_macro   0x00020888      0x1ca ./Drivers/STM32F4xx_HAL_Driver/Src/stm32f4xx_hal_gpio.o
 .debug_macro   0x00020a52      0x1e8 ./Drivers/STM32F4xx_HAL_Driver/Src/stm32f4xx_hal_rcc.o
 .debug_macro   0x00020c3a      0x1c5 ./Drivers/STM32F4xx_HAL_Driver/Src/stm32f4xx_hal_tim.o
 .debug_macro   0x00020dff      0x1c4 ./Drivers/STM32F4xx_HAL_Driver/Src/stm32f4xx_hal_tim_ex.o

.debug_line     0x00000000     0xc691
 .debug_line    0x00000000      0x7f2 ./Core/Src/buttons.o
 .debug_line    0x000007f2      0x735 ./Core/Src/cut_code.o
 .debug_line    0x00000f27      0xc9b ./Core/Src/cutter.o
 .debug_line    0x00001bc2      0xa29 ./Core/Src/main.o
 .debug_line    0x000025eb      0x82b ./Core/Src/stm32f4xx_hal_msp.o
 .debug_line    0x00002e16      0x88a ./Core/Src/stm32f4xx_it.o
 .debug_line    0x000036a0      0x583 ./Core/Src/sysmem.o
 .debug_line    0x00003c23      0x7bb ./Core/Src/system_stm32f4xx.o
 .debug_line    0x000043de       0x7a ./Core/Startup/startup_stm32f407vgtx.o
 .debug_line    0x00004458      0xa24 ./Drivers/STM32F4xx_HAL_Driver/Src/stm32f4xx_hal.o
 .debug_line    0x00004e7c      0xcec ./Drivers/STM32F4xx_HAL_Driver/Src/stm32f4xx_hal_cortex.o
 .debug_line    0x00005b68      0xbb0 ./Drivers/STM32F4xx_HAL_Driver/Src/stm32f4xx_hal_gpio.o
 .debug_line    0x00006718      0xd97 ./Drivers/STM32F4xx_HAL_Driver/Src/stm32f4xx_hal_rcc.o
 .debug_line    0x000074af     0x37c8 ./Drivers/STM32F4xx_HAL_Driver/Src/stm32f4xx_hal_tim.o
 .debug_line    0x0000ac77     0x1a1a ./Drivers/STM32F4xx_HAL_Driver/Src/stm32f4xx_hal_tim_ex.o

.debug_str      0x00000000    0xc8aec
 .debug_str     0x00000000    0xc27fa ./Core/Src/buttons.o
                              0xc2b5f (size before relaxing)
 .debug_str     0x000c27fa       0x67 ./Core/Src/cut_code.o
                              0xc2933 (size before relaxing)
 .debug_str     0x000c2861     0x3308 ./Core/Src/cutter.o
                              0xc5dfa (size before relaxing)
 .debug_str     0x000c5b69      0x9b7 ./Core/Src/main.o
                              0xc34af (size before relaxing)
 .debug_str     0x000c6520       0x93 ./Core/Src/stm32f4xx_hal_msp.o
                              0xc2f28 (size before relaxing)
 .debug_str     0x000c65b3      0x147 ./Core/Src/stm32f4xx_it.o
                              0xc2942 (size before relaxing)
 .debug_str     0x000c66fa      0x4dc ./Core/Src/sysmem.o
                               0x60d9 (size before relaxing)
 .debug_str     0x000c6bd6       0xdb ./Core/Src/system_stm32f4xx.o
                              0xc20bb (size before relaxing)
 .debug_str     0x000c6cb1       0x44 ./Core/Startup/startup_stm32f407vgtx.o
                                 0x8c (size before relaxing)
 .debug_str     0x000c6cf5      0x5fa ./Drivers/STM32F4xx_HAL_Driver/Src/stm32f4xx_hal.o
                              0xc2c3f (size before relaxing)
 .debug_str     0x000c72ef      0x330 ./Drivers/STM32F4xx_HAL_Driver/Src/stm32f4xx_hal_cortex.o
                              0xc2989 (size before relaxing)
 .debug_str     0x000c761f       0xd4 ./Drivers/STM32F4xx_HAL_Driver/Src/stm32f4xx_hal_gpio.o
                              0xc2236 (size before relaxing)
 .debug_str     0x000c76f3      0x233 ./Drivers/STM32F4xx_HAL_Driver/Src/stm32f4xx_hal_rcc.o
                              0xc24ef (size before relaxing)
 .debug_str     0x000c7926      0xd33 ./Drivers/STM32F4xx_HAL_Driver/Src/stm32f4xx_hal_tim.o
                              0xc3445 (size before relaxing)
 .debug_str     0x000c8659      0x493 ./Drivers/STM32F4xx_HAL_Driver/Src/stm32f4xx_hal_tim_ex.o
                              0xc2c51 (size before relaxing)

.comment        0x00000000       0x43
 .comment       0x00000000       0x43 ./Core/Src/buttons.o
                                 0x44 (size before relaxing)
 .comment       0x00000043       0x44 ./Core/Src/cut_code.o
 .comment       0x00000043       0x44 ./Core/Src/cutter.o
 .comment       0x00000043       0x44 ./Core/Src/main.o
 .comment       0x00000043       0x44 ./Core/Src/stm32f4xx_hal_msp.o
 .comment       0x00000043       0x44 ./Core/Src/stm32f4xx_it.o
 .comment       0x00000043       0x44 ./Core/Src/sysmem.o
 .comment       0x00000043       0x44 ./Core/Src/system_stm32f4xx.o
 .comment       0x00000043       0x44 ./Drivers/STM32F4xx_HAL_Driver/Src/stm32f4xx_hal.o
 .comment       0x00000043       0x44 ./Drivers/STM32F4xx_HAL_Driver/Src/stm32f4xx_hal_cortex.o
 .comment       0x00000043       0x44 ./Drivers/STM32F4xx_HAL_Driver/Src/stm32f4xx_hal_gpio.o
 .comment       0x00000043       0x44 ./Drivers/STM32F4xx_HAL_Driver/Src/stm32f4xx_hal_rcc.o
 .comment       0x00000043       0x44 ./Drivers/STM32F4xx_HAL_Driver/Src/stm32f4xx_hal_tim.o
 .comment       0x00000043       0x44 ./Drivers/STM32F4xx_HAL_Driver/Src/stm32f4xx_hal_tim_ex.o

.debug_frame    0x00000000     0x2ef4
 .debug_frame   0x00000000       0x7c ./Core/Src/buttons.o
 .debug_frame   0x0000007c      0x1c0 ./Core/Src/cutter.o
 .debug_frame   0x0000023c      0x164 ./Core/Src/main.o
 .debug_frame   0x000003a0       0xa0 ./Core/Src/stm32f4xx_hal_msp.o
 .debug_frame   0x00000440      0x1ac ./Core/Src/stm32f4xx_it.o
 .debug_frame   0x000005ec       0x34 ./Core/Src/sysmem.o
 .debug_frame   0x00000620       0x58 ./Core/Src/system_stm32f4xx.o
 .debug_frame   0x00000678      0x374 ./Drivers/STM32F4xx_HAL_Driver/Src/stm32f4xx_hal.o
 .debug_frame   0x000009ec      0x4b8 ./Drivers/STM32F4xx_HAL_Driver/Src/stm32f4xx_hal_cortex.o
 .debug_frame   0x00000ea4      0x14c ./Drivers/STM32F4xx_HAL_Driver/Src/stm32f4xx_hal_gpio.o
 .debug_frame   0x00000ff0      0x1f4 ./Drivers/STM32F4xx_HAL_Driver/Src/stm32f4xx_hal_rcc.o
 .debug_frame   0x000011e4     0x11c0 ./Drivers/STM32F4xx_HAL_Driver/Src/stm32f4xx_hal_tim.o
 .debug_frame   0x000023a4      0x638 ./Drivers/STM32F4xx_HAL_Driver/Src/stm32f4xx_hal_tim_ex.o
 .debug_frame   0x000029dc       0x30 C:/ST/STM32CubeIDE_1.15.0/STM32CubeIDE/plugins/com.st.stm32cube.ide.mcu.externaltools.gnu-tools-for-stm32.12.3.rel1.win32_1.0.100.202403111256/tools/bin/../lib/gcc/arm-none-eabi/12.3.1/../../../../arm-none-eabi/lib/thumb/v7e-m+fp/hard\libc_nano.a(libc_a-malloc.o)
 .debug_frame   0x00002a0c       0x50 C:/ST/STM32CubeIDE_1.15.0/STM32CubeIDE/plugins/com.st.stm32cube.ide.mcu.externaltools.gnu-tools-for-stm32.12.3.rel1.win32_1.0.100.202403111256/tools/bin/../lib/gcc/arm-none-eabi/12.3.1/../../../../arm-none-eabi/lib/thumb/v7e-m+fp/hard\libc_nano.a(libc_a-mallocr.o)
 .debug_frame   0x00002a5c       0x30 C:/ST/STM32CubeIDE_1.15.0/STM32CubeIDE/plugins/com.st.stm32cube.ide.mcu.externaltools.gnu-tools-for-stm32.12.3.rel1.win32_1.0.100.202403111256/tools/bin/../lib/gcc/arm-none-eabi/12.3.1/../../../../arm-none-eabi/lib/thumb/v7e-m+fp/hard\libc_nano.a(libc_a-mlock.o)
 .debug_frame   0x00002a8c      0x144 C:/ST/STM32CubeIDE_1.15.0/STM32CubeIDE/plugins/com.st.stm32cube.ide.mcu.externaltools.gnu-tools-for-stm32.12.3.rel1.win32_1.0.100.202403111256/tools/bin/../lib/gcc/arm-none-eabi/12.3.1/../../../../arm-none-eabi/lib/thumb/v7e-m+fp/hard\libc_nano.a(libc_a-findfp.o)
 .debug_frame   0x00002bd0       0x20 C:/ST/STM32CubeIDE_1.15.0/STM32CubeIDE/plugins/com.st.stm32cube.ide.mcu.externaltools.gnu-tools-for-stm32.12.3.rel1.win32_1.0.100.202403111256/tools/bin/../lib/gcc/arm-none-eabi/12.3.1/../../../../arm-none-eabi/lib/thumb/v7e-m+fp/hard\libc_nano.a(libc_a-memset.o)
 .debug_frame   0x00002bf0       0x38 C:/ST/STM32CubeIDE_1.15.0/STM32CubeIDE/plugins/com.st.stm32cube.ide.mcu.externaltools.gnu-tools-for-stm32.12.3.rel1.win32_1.0.100.202403111256/tools/bin/../lib/gcc/arm-none-eabi/12.3.1/../../../../arm-none-eabi/lib/thumb/v7e-m+fp/hard\libc_nano.a(libc_a-reent.o)
 .debug_frame   0x00002c28       0x2c C:/ST/STM32CubeIDE_1.15.0/STM32CubeIDE/plugins/com.st.stm32cube.ide.mcu.externaltools.gnu-tools-for-stm32.12.3.rel1.win32_1.0.100.202403111256/tools/bin/../lib/gcc/arm-none-eabi/12.3.1/../../../../arm-none-eabi/lib/thumb/v7e-m+fp/hard\libc_nano.a(libc_a-sbrkr.o)
 .debug_frame   0x00002c54       0x20 C:/ST/STM32CubeIDE_1.15.0/STM32CubeIDE/plugins/com.st.stm32cube.ide.mcu.externaltools.gnu-tools-for-stm32.12.3.rel1.win32_1.0.100.202403111256/tools/bin/../lib/gcc/arm-none-eabi/12.3.1/../../../../arm-none-eabi/lib/thumb/v7e-m+fp/hard\libc_nano.a(libc_a-errno.o)
 .debug_frame   0x00002c74       0x2c C:/ST/STM32CubeIDE_1.15.0/STM32CubeIDE/plugins/com.st.stm32cube.ide.mcu.externaltools.gnu-tools-for-stm32.12.3.rel1.win32_1.0.100.202403111256/tools/bin/../lib/gcc/arm-none-eabi/12.3.1/../../../../arm-none-eabi/lib/thumb/v7e-m+fp/hard\libc_nano.a(libc_a-init.o)
 .debug_frame   0x00002ca0       0xb0 C:/ST/STM32CubeIDE_1.15.0/STM32CubeIDE/plugins/com.st.stm32cube.ide.mcu.externaltools.gnu-tools-for-stm32.12.3.rel1.win32_1.0.100.202403111256/tools/bin/../lib/gcc/arm-none-eabi/12.3.1/../../../../arm-none-eabi/lib/thumb/v7e-m+fp/hard\libc_nano.a(libc_a-lock.o)
 .debug_frame   0x00002d50       0xac C:/ST/STM32CubeIDE_1.15.0/STM32CubeIDE/plugins/com.st.stm32cube.ide.mcu.externaltools.gnu-tools-for-stm32.12.3.rel1.win32_1.0.100.202403111256/tools/bin/../lib/gcc/arm-none-eabi/12.3.1/thumb/v7e-m+fp/hard\libgcc.a(_arm_addsubdf3.o)
 .debug_frame   0x00002dfc       0x50 C:/ST/STM32CubeIDE_1.15.0/STM32CubeIDE/plugins/com.st.stm32cube.ide.mcu.externaltools.gnu-tools-for-stm32.12.3.rel1.win32_1.0.100.202403111256/tools/bin/../lib/gcc/arm-none-eabi/12.3.1/thumb/v7e-m+fp/hard\libgcc.a(_arm_muldivdf3.o)
 .debug_frame   0x00002e4c       0x24 C:/ST/STM32CubeIDE_1.15.0/STM32CubeIDE/plugins/com.st.stm32cube.ide.mcu.externaltools.gnu-tools-for-stm32.12.3.rel1.win32_1.0.100.202403111256/tools/bin/../lib/gcc/arm-none-eabi/12.3.1/thumb/v7e-m+fp/hard\libgcc.a(_arm_fixdfsi.o)
 .debug_frame   0x00002e70       0x24 C:/ST/STM32CubeIDE_1.15.0/STM32CubeIDE/plugins/com.st.stm32cube.ide.mcu.externaltools.gnu-tools-for-stm32.12.3.rel1.win32_1.0.100.202403111256/tools/bin/../lib/gcc/arm-none-eabi/12.3.1/thumb/v7e-m+fp/hard\libgcc.a(_arm_fixunsdfsi.o)
 .debug_frame   0x00002e94       0x2c C:/ST/STM32CubeIDE_1.15.0/STM32CubeIDE/plugins/com.st.stm32cube.ide.mcu.externaltools.gnu-tools-for-stm32.12.3.rel1.win32_1.0.100.202403111256/tools/bin/../lib/gcc/arm-none-eabi/12.3.1/thumb/v7e-m+fp/hard\libgcc.a(_aeabi_uldivmod.o)
 .debug_frame   0x00002ec0       0x34 C:/ST/STM32CubeIDE_1.15.0/STM32CubeIDE/plugins/com.st.stm32cube.ide.mcu.externaltools.gnu-tools-for-stm32.12.3.rel1.win32_1.0.100.202403111256/tools/bin/../lib/gcc/arm-none-eabi/12.3.1/thumb/v7e-m+fp/hard\libgcc.a(_udivmoddi4.o)

.debug_line_str
                0x00000000       0x70
 .debug_line_str
                0x00000000       0x70 ./Core/Startup/startup_stm32f407vgtx.o
