../Core/Src/main.c:78:5:main	8	static,ignoring_inline_asm
../Core/Src/main.c:132:6:SystemClock_Config	88	static
../Core/Src/main.c:178:13:MX_TIM2_Init	64	static
../Core/Src/main.c:241:13:MX_TIM3_Init	32	static
../Core/Src/main.c:286:13:MX_TIM4_Init	32	static
../Core/Src/main.c:331:13:MX_TIM5_Init	32	static
../Core/Src/main.c:376:13:MX_TIM7_Init	16	static
../Core/Src/main.c:414:13:MX_GPIO_Init	56	static
../Core/Src/main.c:480:6:HAL_TIM_PeriodElapsedCallback	16	static
../Core/Src/main.c:504:6:Error_Handler	4	static,ignoring_inline_asm
